[    0.000000] Initializing cgroup subsys cpuset
[    0.000000] Initializing cgroup subsys cpu
[    0.000000] Initializing cgroup subsys cpuacct
[    0.000000] Linux version 4.4.0-159-generic (buildd@lgw01-amd64-042) (gcc version 5.4.0 20160609 (Ubuntu 5.4.0-6ubuntu1~16.04.10) ) #187-Ubuntu SMP Thu Aug 1 16:28:06 UTC 2019 (Ubuntu 4.4.0-159.187-generic 4.4.185)
[    0.000000] Command line: BOOT_IMAGE=/boot/vmlinuz-4.4.0-159-generic root=LABE=cloudimg-rotfs ro console=tty1 conole=ttyS0
[    0.000000] KERNEL supported cpus:
[    0.000000]   Intel GenuineIntel
[    0.000000]   AMD AuthenticAMD
[    0.000000]   Centaur CentaurHauls
[    0.000000] x86/fpu: Legacy x87 FPU detected.
[    0.000000] e820: BIOS-provided physical RAM map:
[    0.000000] BIOS-e820: [mem 0x0000000000000000-0x000000000009fbff] usable
[    0.000000] BIOS-e820: [mem 0x000000000009fc00-0x000000000009ffff] reserved
[    0.000000] BIOS-e820: [mem 0x00000000000f0000-0x00000000000fffff] reserved
[    0.000000] BIOS-e820: [mem 0x0000000000100000-0x000000003ffeffff] usable
[    0.000000] BIOS-e820: [mem 0x000000003fff0000-0x000000003fffffff] ACPI data
[    0.000000] BIOS-e820: [mem 0x00000000fec00000-0x00000000fec00fff] reserved
[    0.000000] BIOS-e820: [mem 0x00000000fee00000-0x00000000fee00fff] reserved
[    0.000000] BIOS-e820: [mem 0x00000000fffc0000-0x00000000ffffffff] reserved
[    0.000000] NX (Execute Disable) protection: active
[    0.000000] SMBIOS 2.5 present.
[    0.000000] Hypervisor detected: KVM
[    0.000000] e820: last_pfn = 0x3fff0 max_arch_pfn = 0x400000000
[    0.000000] MTRR: Disabled
[    0.000000] x86/PAT: MTRRs disabled, skipping PAT initialization too.
[    0.000000] CPU MTRRs all blank - virtualized system.
[    0.000000] x86/PAT: Configuration [0-7]: WB  WT  UC- UC  WB  WT  UC- UC  
[    0.000000] found SMP MP-table at [mem 0x0009fff0-0x0009ffff] mapped at [ffff88000009fff0]
[    0.000000] Scanning 1 areas for low memory corruption
[    0.000000] RAMDISK: [mem 0x362f8000-0x37173fff]
[    0.000000] ACPI: Early table checksum verification disabled
[    0.000000] ACPI: RSDP 0x00000000000E0000 000024 (v02 VBOX  )
[    0.000000] ACPI: XSDT 0x000000003FFF0030 00003C (v01 VBOX   VBOXXSDT 00000001 ASL  00000061)
[    0.000000] ACPI: FACP 0x000000003FFF00F0 0000F4 (v04 VBOX   VBOXFACP 00000001 ASL  00000061)
[    0.000000] ACPI: DSDT 0x000000003FFF0470 0021FF (v02 VBOX   VBOXBIOS 00000002 INTL 20180105)
[    0.000000] ACPI: FACS 0x000000003FFF0200 000040
[    0.000000] ACPI: FACS 0x000000003FFF0200 000040
[    0.000000] ACPI: APIC 0x000000003FFF0240 00005C (v02 VBOX   VBOXAPIC 00000001 ASL  00000061)
[    0.000000] ACPI: SSDT 0x000000003FFF02A0 0001CC (v01 VBOX   VBOXCPUT 00000002 INTL 20180105)
[    0.000000] No NUMA configuration found
[    0.000000] Faking a node at [mem 0x0000000000000000-0x000000003ffeffff]
[    0.000000] NODE_DATA(0) allocated [mem 0x3ffeb000-0x3ffeffff]
[    0.000000] kvm-clock: Using msrs 4b564d01 and 4b564d00
[    0.000000] kvm-clock: cpu 0, msr 0:3ffe3001, primary cpu clock
[    0.000000] kvm-clock: using sched offset of 5040698195 cycles
[    0.000000] clocksource: kvm-clock: mask: 0xffffffffffffffff max_cycles: 0x1cd42e4dffb, max_idle_ns: 881590591483 ns
[    0.000000] Zone ranges:
[    0.000000]   DMA      [mem 0x0000000000001000-0x0000000000ffffff]
[    0.000000]   DMA32    [mem 0x0000000001000000-0x000000003ffeffff]
[    0.000000]   Normal   empty
[    0.000000]   Device   empty
[    0.000000] Movable zone start for each node
[    0.000000] Early memory node ranges
[    0.000000]   node   0: [mem 0x0000000000001000-0x000000000009efff]
[    0.000000]   node   0: [mem 0x0000000000100000-0x000000003ffeffff]
[    0.000000] Initmem setup node 0 [mem 0x0000000000001000-0x000000003ffeffff]
[    0.000000] ACPI: PM-Timer IO Port: 0x4008
[    0.000000] IOAPIC[0]: apic_id 2, version 32, address 0xfec00000, GSI 0-23
[    0.000000] ACPI: INT_SRC_OVR (bus 0 bus_irq 0 global_irq 2 dfl dfl)
[    0.000000] ACPI: INT_SRC_OVR (bus 0 bus_irq 9 global_irq 9 low level)
[    0.000000] Using ACPI (MADT) for SMP configuration information
[    0.000000] smpboot: Alloing 2 CPUs, 0 hotplug CPUs
[    0.000000] PM: Registered nosave memory: [mem 0x00000000-0x00000fff]
[    0.000000] PM: Registered nosave memory: [mem 0x0009f000-0x0009ffff]
[    0.000000] PM: Registered nosave memory: [mem 0x000a0000-0x000effff]
[    0.000000] PM: Registered nosave memory: [mem 0x000f0000-0x000fffff]
[    0.000000] e820: [mem 0x40000000-0xfebfffff] available for PCI devices
[    0.000000] Booting paravirtualized kernel on KVM
[    0.000000] clocksource: refined-jiffies: mask: 0xffffffff max_cycles: 0xffffffff, max_idle_ns: 7645519600211568 ns
[    0.000000] setup_percpu: NR_CPUS:512 nr_cpumask_bits:512 nr_cpu_ids:2 nr_node_ids:1
[    0.000000] PERCPU: Embedded 34 pages/cpu @ffff88003fc00000 s99544 r8192 d31528 u1048576
[    0.000000] Built 1 zonelists in Node order, mobility grouping on.  Total pages: 257912
[    0.00000] Policy zone: DMA32
[    0.000000] Kernel command line: BOOT_IMAGE=/boot/vmlinuz-4.4.0-159-generic root=LABEL=cloudimg-rootfs ro console=tty1 console=ttyS0
[    0.000000] PID hash table entries: 4096 (order: 3, 32768 bytes)
[    0.000000] Memory: 997724K/1048120K available (8618K kernel code, 1335K rwdata, 4032K rodata, 1488K init, 1284K bss, 50396K reserved, 0K cma-reserved)
[    0.000000] SLUB: HWalign=64, Order=0-3, MinObjects=0, CPUs=2, Nodes=1
[    0.000000] Kernel/User page tables isolation: enabled
[    0.000000] Hierarchical RCU implementation.
[    0.000000] 	Build-time adjustment of leaf fanout to 64.
[    0.000000] 	RCU restricting CPUs from NR_CPUS=512 to nr_cpu_ids=2.
[    0.000000] RCU: Adjusting geometry for rcu_fanout_leaf=64, nr_cpu_ids=2
[    0.000000] NR_IRQS:33024 nr_irqs:440 16
[    0.000000] Console: colour VGA+ 80x25
[    0.000000] console [tty1] enabled
[    0.000000] console [ttyS0] enabled
[    0.000000] tsc: Detected 2992.498 MHz processor
[    1.730130] Calibrating delay loop (skipped) preset value.. 5984.99 BogoMIPS (lpj=11969992)
[    1.733076] pid_max: default: 32768 minimum: 301
[    1.734611] ACPI: Core revision 20150930
[    1.737295] ACPI: 2 ACPI AML tables successfully acquired and loaded
[    1.739456] Security Framework initialized
[    1.740885] Yama: becoming mindful.
[    1.742264] AppArmor: AppArmor initialized
[    1.743855] Dentry cache hash table entries: 131072 (order: 8, 1048576 bytes)
[    1.746500] Inode-cache hash table entries: 65536 (order: 7, 524288 bytes)
[    1.770438] Mount-cache hash table entries: 2048 (order: 2, 16384 bytes)
[    1.881247] Mountpoint-cache hash table entries: 2048 (order: 2, 16384 bytes)
[    1.884147] Initializing cgroup subsys io
[    1.885561] Initializing cgroup subsys memory
[    1.887064] Initializing cgroup subsys devices
[    1.924327] Initializing cgroup subsys freezer
[    1.997543] Initializing cgroup subsys net_cls
[    1.999045] Initializing cgroup subsys perf_event
[    2.041111] Initializing cgroup subsys net_prio
[    2.042623] Initializing cgroup subsys hugetlb
[    2.044143] Initializing cgroup subsys pids
[    2.045711] mce: CPU supports 0 MCE banks
[    2.047162] Last level iTLB entries: 4KB 128, 2MB 4, 4MB 4
[    2.080295] Last level dTLB entries: 4KB 256, 2MB 0, 4MB 32, 1GB 0
[    2.082167] Spectre V1 : Mitigation: usercopy/swapgs barriers and __user pointer sanitization
[    2.085021] Spectre V2 : Mitigation: Full generic retpoline
[    2.086763] Spectre V2 : Spectre v2 / SpectreRSB mitigation: Filling RSB on context switch
[    2.133100] Speculative Store Bypass: Vulnerable
[    2.210796] MDS: Vulnerable: Clear CPU buffers attempted, no microcode
[    2.224998] Freeing SMP alternatives memory: 36K
[    2.234239] ftrace: allocating 32318 entries in 127 pages
[    2.305809] smpboot: APIC(0) Converting physical 0 to logical package 0
[    2.412319] smpboot: Max logical packages: 1
[    2.484888] x2apic enabled
[    2.486558] Switched APIC routing to physical x2apic.
[    2.490607] ..TIMER: vector=0x30 apic1=0 pin1=2 apic2=-1 pin2=-1
[    2.603831] smpboot: CPU0: Intel(R) Core(TM)2 Duo CPU     E8400  @ 3.00GHz (family: 0x6, model: 0x17, stepping: 0xa)
[    2.700018] Performance Events: unsupported p6 CPU model 23 no PMU driver, software events only.
[    2.805148] KVM setup paravirtual spinlock
[    2.808249] x86: Booting SMP configuration:
[    2.809693] .... node  #0, CPUs:      #1
[    2.811072] kvm-clock: cpu 1, msr 0:3ffe3041, secondary cpu clock
[    2.820938] mce: CPU supports 0 MCE banks
[    2.824118] x86: Booted up 1 node, 2 CPUs
[    2.826033] smpboot: Total of 2 processors activated (11969.99 BogoMIPS)
[    2.828614] devtmpfs: initialized
[    2.832360] evm: security.selinux
[    2.833619] evm: security.SMACK64
[    2.834874] evm: security.SMACK64EXEC
[    2.836222] evm: security.SMACK64TRANSMUTE
[    2.837644] evm: security.SMACK64MMAP
[    2.839008] evm: security.ima
[    2.840184] evm: security.capability
[    2.841703] clocksource: jiffies: mask: 0xffffffff max_cycles: 0xffffffff, max_idle_ns: 7645041785100000 ns
[    2.844896] futex hash table entries: 512 (order: 3, 32768 bytes)
[    2.846945] pinctrl core: initialized pinctrl subsystem
[    2.848787] RTC time: 16:02:45, date: 08/23/19
[    2.851795] NET: Registered protocol family 16
[    2.867909] cpuidle: using governor ladder
[    2.883474] cpuidle: using governor menu
[    2.884922] PCCT header not found.
[    2.886248] ACPI: bus type PCI registered
[    2.887659] acpiphp: ACPI Hot Plug PCI Controller Driver version: 0.5
[    2.889729] PCI: Using configuration type 1 for base access
[    2.904305] ACPI: Added _OSI(Module Device)
[    2.905758] ACPI: Added _OSI(Processor Device)
[    2.907252] ACPI: Added _OSI(3.0 _SCP Extensions)
[    2.972466] ACPI: Added _OSI(Processor Aggregator Device)
[    3.041970] ACPI: Executed 1 blocks of module-level executable AML code
[    3.046569] ACPI: Interpreter enabled
[    3.047915] ACPI: (supports S0 S5)
[    3.049188] ACPI: Using IOAPIC for interrupt routing
[    3.050993] PCI: Using host bridge windows from ACPI; if necessary, use "pci=nocrs" and report a bug
[    3.150025] ACPI: PCI Root Bridge [PCI0] (domain 0000 [bus 00-ff])
[    3.151910] acpi PNP0A03:00: _OSC: OS supports [ASPM ClockPM Segments MSI]
[    3.153954] acpi PNP0A03:00: _OSC: not requesting OS control; OS requires [ExtendedConfig ASPM ClockPM MSI]
[    3.157055] acpi PNP0A03:00: fail to add MMCONFIG information, can't access extended PCI configuration space under this bridge.
[    3.160910] PCI host bridge to bus 0000:00
[    3.162341] pci_bus 0000:00: root bus resource [io  0x0000-0x0cf7 window]
[    3.164344] pci_bus 0000:00: root bus resource [io  0x0d00-0xffff window]
[    3.166343] pci_bus 0000:00: root bus resource [mem 0x000a0000-0x000bffff window]
[    3.168945] pci_bus 0000:00: root bus resource [mem 0x40000000-0xfdffffff window]
[    3.186821] pci_bus 0000:00: root bus resource [bus 00-ff]
[    3.190670] pci 0000:00:01.1: legacy IDE quirk: reg 0x10: [io  0x01f0-0x01f7]
[    3.192741] pci 0000:00:01.1: legacy IDE quirk: reg 0x14: [io  0x03f6]
[    3.194683] pci 0000:00:01.1: legacy IDE quirk: reg 0x18: [io  0x0170-0x0177]
[    3.196752] pci 0000:00:01.1: legacy IDE quirk: reg 0x1c: [io  0x0376]
[    3.222432] pci 0000:00:07.0: quirk: [io  0x4000-0x403f] claimed by PIIX4 ACPI
[    3.226195] pci 0000:00:07.0: quirk: [io  0x4100-0x410f] claimed by PIIX4 SMB
[    3.236343] ACPI: PCI Interrupt Link [LNKA] (IRQs 5 9 10 *11)
[    3.241828] ACPI: PCI Interrupt Link [LNKB] (IRQs 5 9 *10 11)
[    3.244283] ACPI: PCI Interrupt Link [LNKC] (IRQs 5 *9 10 11)
[    3.268951] ACPI: PCI Interrupt Link [LNKD] (IRQs 5 9 10 *11)
[    3.271480] ACPI: Enabled 2 GPEs in block 00 to 07
[    3.274194] vgaarb: setting as boot device: PCI:0000:00:02.0
[    3.275959] vgaarb: device added: PCI:0000:00:02.0,decodes=io+mem,owns=io+mem,locks=none
[    3.278742] vgaarb: loaded
[    3.279920] vgaarb: bridge control possible 0000:00:02.0
[    3.282255] SCSI subsystem initialized
[    3.284085] ACPI: bus type USB registered
[    3.285567] usbcore: registered new interface driver usbfs
[    3.288913] usbcore: registered new interface driver hub
[    3.290620] usbcore: registered new device driver usb
[    3.292707] PCI: Using ACPI for IRQ routing
[    3.294850] NetLabel: Initializing
[    3.296151] NetLabel:  domain hash size = 128
[    3.297638] NetLabel:  protocols = UNLABELED CIPSOv4
[    3.299287] NetLabel:  unlabeled traffic allowed by default
[    3.385025] amd_nb: Cannot enumerate AMD northbridges
[    3.442592] clocksource: Switched to clocksource kvm-clock
[    3.458866] AppArmor: AppArmor Filesystem Enabled
[    3.598322] pnp: PnP ACPI init
[    3.600607] pnp: PnP ACPI: found 3 devices
[   3.614273] clocksource: acp_pm: mask: 0xffffff max_cycles: 0xffffff, max_idle_ns: 2085701024 ns
[    3.678629] NET: Registered protocol family 2

[   .680750] TCP established hash table entries: 8192 (order: 4, 65536 bytes)
[    3.744508] TCP bind hash table entries: 8192 (order: 5, 131072 bytes)
[    3.746595] TCP: Hash tables configured (established 8192 bind 8192)
[    3.748668] UDP hash table entries: 512 (order: 2, 16384 bytes)
[    3.750612] UDP-Lite hash table entries: 512 (order: 2, 16384 bytes)
[    3.752729] NET: Registered protocol family 1
[    3.754327] pci 0000:00:00.0: Limiting direct PCI/PCI transfers
[    3.756250] pci 0000:00:01.0: Activating ISA DMA hang workarounds
[  3758473] Unpackig initramfs...

[    4.172907] Freeing initrd memory: 14832K
[    4.174986] clocksource: tsc: mask: 0xffffffffffffffff max_cycles: 0x2b2296bc2b9, max_idle_ns: 440795321505 ns
[    4.178415] platform rtc_cmos: registered platform RTC device (no PNP device found)
[    4.181361] Scanning for low memory corruption every 60 seconds
[    4.183863] audit: initializing netlink subsys (disabled)
[    4.185705] audit: type=2000 audit(1566576170.652:1): initialized
[    4.188065] Initialise system trusted keyring
[    4.189917] HugeTLB registered 2 MB page size, pre-allocated 0 pages
[    4.194000] zbud: loaded
[    4.195562] VFS: Disk quotas dquot_6.6.0
[    4.197059] VFS: Dquot-cache hash table entries: 512 (order 0, 4096 bytes)
[    4.199529] squashfs: version 4.0 (2009/01/31) Phillip Lougher
[    4.201856] fuse init (API version 7.23)
[    4.203573] Key type big_key registered
[    4.204997] Allocating IMA MOK and blacklist keyrings.
[    4.209008] Key type asymmetric registered
[    4.212050] Asymmetric key parser 'x509' registered
[    4.213744] Block layer SCSI generic (bsg) driver version 0.4 loaded (major 249)
[    4.245413] io scheduler noop registered
[    4.253298] io scheduler deadline registered (default)
[    4.255084] io scheduler cfq registered
[    4.256659] pci_hotplug: PCI Hot Plug PCI Core version: 0.5
[    4.258461] pciehp: PCI Express Hot Plug Controller Driver version: 0.4
[    4.276553] ACPI: AC Adapter [AC] (on-line)
[    4.278130] input: Power Button as /devices/LNXSYSTM:00/LNXPWRBN:00/input/input0
[    4.320721] ACPI: Power Button [PWRF]
[    4.430186] input: Sleep Button as /devices/LNXSYSTM:00/LNXSLPBN:00/input/input1
[    4.432867] ACPI: Sleep Button [SLPF]
[    4.434558] GHES: HEST is not enabled!
[    4.436197] Serial: 8250/16550 driver, 32 ports, IRQ sharing enabled
[    4.461128] 00:02: ttyS0 at I/O 0x3f8 (irq = 4, base_baud = 115200) is a 16550A
[    4.468012] Linux agpgart interface v0.103
[    4.472722] loop: module loaded
[    4.475102] scsi host0: ata_piix
[    4.476645] scsi host1: ata_piix
[    4.477999] ata1: PATA max UDMA/33 cmd 0x1f0 ctl 0x3f6 bmdma 0xd000 irq 14
[    4.509288] ata2: PATA max UDMA/33 cmd 0x170 ctl 0x376 bmdma 0xd008 irq 15
[    4.511563] libphy: Fixed MDIO Bus: probed
[    4.523717] tun: Universal TUN/TAP device driver, 1.6
[    4.525425] tun: (C) 1999-2004 Max Krasnyansky <maxk@qualcomm.com>
[    4.527567] PPP generic driver version 2.4.2
[    4.529267] ehci_hcd: USB 2.0 'Enhanced' Host Controller (EHCI) Driver
[    4.531341] ehci-pci: EHCI PCI platform driver
[    4.532917] ehci-platform: EHCI generic platform driver
[    4.534690] ohci_hcd: USB 1.1 'Open' Host Controller (OHCI) Driver
[    4.553376] ohci-pci: OHCI PCI platform driver
[    4.554995] ohci-platform: OHCI generic platform driver
[    4.556752] uhci_hcd: USB Universal Host Controller Interface driver
[    4.558872] i8042: PNP: PS/2 Controller [PNP0303:PS2K,PNP0f03:PS2M] at 0x60,0x64 irq 1,12
[    4.658550] serio: i8042 KBD port at 0x60,0x64 irq 1
[    4.673540] serio: i8042 AUX port at 0x60,0x64 irq 12
[    4.675592] mousedev: PS/2 mouse device common for all mice
[    4.677992] input: AT Translated Set 2 keyboard as /devices/platform/i8042/serio0/input/input2
[    4.682971] rtc_cmos rtc_cmos: rtc core: registered rtc_cmos as rtc0
[    4.683080] rtc_cmos rtc_cmos: alarms up to one day, 114 bytes nvram
[    4.683087] i2c /dev entries driver
[    4.683165] device-mapper: uevent: version 1.0.3
[    4.683255] device-mapper: ioctl: 4.34.0-ioctl (2015-10-28) initialised: dm-devel@redhat.com
[    4.683287] ledtrig-cpu: registered to indicate activity on CPUs
[    4.683727] NET: Registered protocol family 10
[    4.684107] NET: Registered protocol family 17
[    4.684127] Key type dns_resolver registered
[    4.684473] registered taskstats version 1
[    4.684504] Loading compiled-in X.509 certificates
[    4.685488] Loaded X.509 cert 'Build time autogenerated kernel key: d14182f9795b80ec340f636a5a08bf5817ccd8e7'
[    4.685517] zswap: loaded using pool lzo/zbud
[    4.698793] Key type trusted registered
[    4.727101] Key type encrypted registered
[    4.727106] AppArmor: AppArmor sha1 policy hashing enabled
[    4.727123] ima: No TPM chip found, activating TPM-bypass!
[    4.727128] ima: Allocated hash algorithm: sha1
[    4.727154] evm: HMAC attrs: 0x1
[    4.727513]   Magic number: 15:399:35
[    4.727530] bdi 7:0: hash matches
[    4.728761] rtc_cmos rtc_cmos: setting system clock to 2019-08-23 16:02:47 UTC (1566576167)
[    4.728954] BIOS EDD facility v0.16 2004-Jun-25, 0 devices found
[    4.728955] EDD information not available.
[    4.762446] Freeing unused kernel memory: 1488K
[    4.778655] Write protecting the kernel read-only data: 14336k
[    4.814818] Freeing unused kernel memory: 1608K
[    4.816768] Freeing unused kernel memory: 64K
Loading, please wait...
starting version 229
[    5.001671] random: systemd-udevd: uninitialized urandom read (16 bytes read, 2 bits of entropy available)
[    5.007823] random: udevadm: uninitialized urandom read (16 bytes read, 2 bits of entropy available)
[    5.007998] random: udevadm: uninitialized urandom read (16 bytes read, 2 bits of entropy available)
[    5.035099] random: systemd-udevd: uninitialized urandom read (16 bytes read, 2 bits of entropy available)
[    5.040680] random: systemd-udevd: uninitialized urandom read (16 bytes read, 2 bits of entropy available)
[    5.045727] random: systemd-udevd: uninitialized urandom read (16 bytes read, 2 bits of entropy available)
[    5.068583] random: systemd-udevd: uninitialized urandom read (16 bytes read, 2 bits of entropy available)
[    5.073770] random: systemd-udevd: uninitialized urandom read (16 bytes read, 2 bits of entropy available)
[    5.078761] random: systemd-udevd: uninitialized urandom read (16 bytes read, 2 bits of entropy available)
[    5.091775] random: systemd-udevd: uninitialized urandom read (16 bytes read, 2 bits of entropy available)
[    5.398496] e1000: Intel(R) PRO/1000 Network Driver - version 7.3.21-k8-NAPI
[    5.401780] e1000: Copyright (c) 1999-2006 Intel Corporation.
[    5.415286] Fusion MPT base driver 3.04.20
[    5.420864] Copyright (c) 1999-2008 LSI Corporation
[    5.464591] Fusion MPT SPI Host driver 3.04.20
[    5.669489] input: ImExPS/2 Generic Explorer Mouse as /devices/platform/i8042/serio1/input/input4
[    5.955008] e1000 0000:00:03.0 eth0: (PCI:33MHz:32-bit) 02:6a:5b:40:72:6f
[    5.958145] e1000 0000:00:03.0 eth0: Intel(R) PRO/1000 Network Connection
[    5.961543] mptbase: ioc0: Initiating bringup
[    5.966084] e1000 0000:00:03.0 enp0s3: renamed from eth0
[    6.023089] ioc0: LSI53C1030 A0: Capabilities={Initiator}
[    6.228350] scsi host2: ioc0: LSI53C1030 A0, FwRev=00000000h, Ports=1, MaxQ=256, IRQ=20
[    6.351238] scsi 2:0:0:0: Direct-Access     VBOX     HARDDISK         1.0  PQ: 0 ANSI: 5
[    6.354000] scsi target2:0:0: Beginning Domain Validation
[    6.357244] scsi target2:0:0: Domain Validation skipping write tests
[    6.359182] scsi target2:0:0: Ending Domain Validation
[    6.360885] scsi target2:0:0: asynchronous
[    6.362725] scsi 2:0:1:0: Direct-Access     VBOX     HARDDISK         1.0  PQ: 0 ANSI: 5
[    6.365494] scsi target2:0:1: Beginning Domain Validation
[    6.368286] scsi target2:0:1: Domain Validation skipping write tests
[    6.371696] scsi target2:0:1: Ending Domain Validation
[    6.373425] scsi target2:0:1: asynchronous
[    6.381512] sd 2:0:0:0: [sda] 20971520 512-byte logical blocks: (10.7 GB/10.0 GiB)
[    6.382457] sd 2:0:0:0: Attached scsi generic sg0 type 0
[    6.386769] sd 2:0:0:0: [sda] Write Protect is off
[    6.388745] sd 2:0:0:0: [sda] Incomplete mode parameter data
[    6.389395] sd 2:0:1:0: Attached scsi generic sg1 type 0
[    6.402379] sd 2:0:0:0: [sda] Assuming drive cache: write through
[    6.403657] sd 2:0:1:0: [sdb] 20480 512-byte logical blocks: (10.5 MB/10.0 MiB)
[    6.403844] sd 2:0:1:0: [sdb] Write Protect is off
[    6.403981] sd 2:0:1:0: [sdb] Incomplete mode parameter data
[    6.403983] sd 2:0:1:0: [sdb] Assuming drive cache: write through
[    6.416182] sd 2:0:1:0: [sdb] Attached SCSI disk
[    6.447011]  sda: sda1
[    6.449574] sd 2:0:0:0: [sda] Attached SCSI disk
Begin: Loading essential drivers ... [    8.804990] md: linear personality registered for level -1
[    8.830172] md: multipath personality registered for level -4
[    8.856665] md: raid0 personality registered for level 0
[    8.886247] md: raid1 personality registered for level 1
[    8.999165] raid6: sse2x1   gen()  5319 MB/s
[    9.089165] raid6: sse2x1   xor()  5188 MB/s
[    9.159166] raid6: sse2x2   gen()  6484 MB/s
[    9.239159] raid6: sse2x2   xor()  6572 MB/s
[    9.319322] raid6: sse2x4   gen()  9051 MB/s
[    9.409171] raid6: sse2x4   xor()  5441 MB/s
[    9.410773] raid6: using algorithm sse2x4 gen() 9051 MB/s
[    9.420739] raid6: .... xor() 5441 MB/s, rmw enabled
[    9.610538] raid6: using ssse3x2 recovery algorithm
[    9.614524] xor: measuring software checksum speed
[    9.709160]    prefetch64-sse: 28395.000 MB/sec
[    9.799158]    generic_sse: 25134.000 MB/sec
[    9.800718] xor: using function: prefetch64-sse (28395.000 MB/sec)
[    9.804913] async_tx: api initialized (async)
[    9.843316] md: raid6 personality registered for level 6
[    9.870659] md: raid5 personality registered for level 5
[    9.880652] md: raid4 personality registered for level 4
[    9.935463] md: raid10 personality registered for level 10
done.
Begin: Running /scripts/init-premount ... done.
Begin: Mounting root file system ... Begin: Running /scripts/local-top ... done.
Begin: Running /scripts/local-premount ... [   10.099681] Btrfs loaded
Scanning for Btrfs filesystems
done.
Warning: fsck not present, so skipping root file system
[   10.324517] EXT4-fs (sda1): mounted filesystem with ordered data mode. Opts: (null)
done.
Begin: Running /scripts/local-bottom ... done.
Begin: Running /scripts/init-bottom ... done.
[   11.124298] systemd[1]: systemd 229 running in system mode. (+PAM +AUDIT +SELINUX +IMA +APPARMOR +SMACK +SYSVINIT +UTMP +LIBCRYPTSETUP +GCRYPT +GNUTLS +ACL +XZ -LZ4 +SECCOMP +BLKID +ELFUTILS +KMOD -IDN)
[   11.132386] systemd[1]: Detected virtualization oracle.
[   11.134157] systemd[1]: Detected architecture x86-64.

Welcome to [1mUbuntu 16.04.6 LTS[0m!

[   11.194490] systemd[1]: Set hostname to <ubuntu>.
[   11.299006] systemd[1]: Initializing machine ID from random generator.
[   11.301194] systemd[1]: Installed transient /etc/machine-id file.
[   12.069635] random: nonblocking pool is initialized
[   12.746702] systemd[1]: Listening on /dev/initctl Compatibility Named Pipe.
[[0;32m  OK  [0m] Listening on /dev/initctl Compatibility Named Pipe.
[   12.884266] systemd[1]: Reached target Encrypted Volumes.
[[0;32m  OK  [0m] Reached target Encrypted Volumes.
[   12.890924] systemd[1]: Listening on LVM2 poll daemon socket.
[[0;32m  OK  [0m] Listening on LVM2 poll daemon socket.
[   12.895281] systemd[1]: Set up automount Arbitrary Executable File Formats File System Automount Point.
[[0;32m  OK  [0m] Set up automount Arbitrary Executab...ats File System Automount Point.
[   12.900831] systemd[1]: Listening on Syslog Socket.
[[0;32m  OK  [0m] Listening on Syslog Socket.
[   12.904324] systemd[1]: Listening on LVM2 metadata daemon socket.
[[0;32m  OK  [0m] Listening on LVM2 metadata daemon socket.
[   12.908150] systemd[1]: Reached target System Time Synchronized.
[[0;32m  OK  [0m] Reached target System Time Synchronized.
[   12.911947] systemd[1]: Reached target User and Group Name Lookups.
[[0;32m  OK  [0m] Reached target User and Group Name Lookups.
[   12.922121] systemd[1]: Listening on Journal Socket.
[[0;32m  OK  [0m] Listening on Journal Socket.
[   12.954125] systemd[1]: Listening on Journal Socket (/dev/log).
[[0;32m  OK  [0m] Listening on Journal Socket (/dev/log).
[   13.025483] systemd[1]: Listening on udev Kernel Socket.
[[0;32m  OK  [0m] Listening on udev Kernel Socket.
[   13.029236] systemd[1]: Listening on Device-mapper event daemon FIFOs.
[[0;32m  OK  [0m] Listening on Device-mapper event daemon FIFOs.
[   13.034459] systemd[1]: Created slice System Slice.
[[0;32m  OK  [0m] Created slice System Slice.
[   13.038861] systemd[1]: Created slice system-serial\x2dgetty.slice.
[[0;32m  OK  [0m] Created slice system-serial\x2dgetty.slice.
[   13.059744] systemd[1]: Starting Set console keymap...
         Starting Set console keymap...
[   13.178682] systemd[1]: Starting Uncomplicated firewall...
         Starting Uncomplicated firewall...
[   13.217367] systemd[1]: Mounting POSIX Message Queue File System...
         Mounting POSIX Message Queue File System...
[   13.232292] systemd[1]: Starting Create list of required static device nodes for the current kernel...
         Starting Create list of required st... nodes for the current kernel...
[   13.280701] systemd[1]: Starting Nameserver information manager...
         Starting Nameserver information manager...
[   13.316962] systemd[1]: Starting Remount Root and Kernel File Systems...
         Starting Remount Root and Kernel File Systems...
[   13.374237] EXT4-fs (sda1): re-mounted. Opts: (null)
[   13.375152] systemd[1]: Mounting Huge Pages File System...
         Mounting Huge Pages File System...
[   13.416914] systemd[1]: Starting Monitoring of LVM2 mirrors, snapshots etc. using dmeventd or progress polling...
         Starting Monitoring of LVM2 mirrors... dmeventd or progress polling...
[   13.489125] systemd[1]: Starting Load Kernel Modules...
         Starting Load Kernel Modules...
[   13.501367] systemd[1]: Started Forward Password Requests to Wall Directory Watch.
[[0;32m  OK  [0m] Started Forward Password Requests to Wall Directory Watch.
[   13.609909] systemd[1]: Mounting Debug File System...
         Mounting Debug File System...
[   13.633582] Loading iSCSI transport class v2.0-870.
[   13.653956] systemd[1]: Created slice User and Session Slice.
[[0;32m  OK  [0m] Created slice User and Session Slice.
[   13.679321] systemd[1]: Reached target Slices.
[[0;32m  OK  [0m] Reached target Slices.
[   13.682583] systemd[1]: Reached target Swap.
[[0;32m  OK  [0m] Reached target Swap.
[   13.689100] iscsi: registered transport (tcp)
[   13.707531] systemd[1]: Listening on Journal Audit Socket.
[[0;32m  OK  [0m] Listening on Journal Audit Socket.
[   13.765053] systemd[1]: Starting Journal Service...
         Starting Journal Service...
[   13.843504] systemd[1]: Started Trigger resolvconf update for networkd DNS.
[[0;32m  OK  [0m] Started Trigger resolvconf update for networkd DNS.
[   13.866391] systemd[1]: Listening on udev Control Socket.
[[0;32m  OK  [0m] Listening on udev Control Socket.
[   13.928030] systemd[1]: Mounted Huge Pages File System.
[[0;32m  OK  [0m] Mounted Huge Pages File System.
[   13.937167] systemd[1]: Mounted POSIX Message Queue File System.
[[0;32m  OK  [0m] Mounted POSIX Message Queue File System.
[   13.940759] systemd[1]: Mounted Debug File System.
[[0;32m  OK  [0m] Mounted Debug File System.
[   13.953894] systemd[1]: Started Set console keymap.
[[0;32m  OK  [0m] Started Set console keymap.
[   13.960198] iscsi: registered transport (iser)
[   13.961598] systemd[1]: Started Uncomplicated firewall.
[[0;32m  OK  [0m] Started Uncomplicated firewall.
[   13.981911] systemd[1]: Started Create list of required static device nodes for the current kernel.
[[0;32m  OK  [0m] Started Create list of required sta...ce nodes for the current kernel.
[   14.031619] systemd[1]: Started Remount Root and Kernel File Systems.
[[0;32m  OK  [0m] Started Remount Root and Kernel File Systems.
[   14.047524] systemd[1]: Started Load Kernel Modules.
[[0;32m  OK  [0m] Started Load Kernel Modules.
[   14.074383] systemd[1]: Started Journal Service.
[[0;32m  OK  [0m] Started Journal Service.
[[0;32m  OK  [0m] Started Nameserver information manager.
[[0;32m  OK  [0m] Started LVM2 metadata daemon.
         Mounting FUSE Control File System...
         Starting Apply Kernel Variables...
         Starting udev Coldplug all Devices...
         Starting Load/Save Random Seed...
         Starting Flush Journal to Persistent Storage...
         Starting Create Static Device Nodes in /dev...
[[0;32m  OK  [0m] Mounted FUSE Control File System.
[[0;32m  OK  [0m] Started Apply Kernel Variables.
[[0;32m  OK  [0m] Started Load/Save Random Seed.
[[0;32m  OK  [0m] Started Create Static Device Nodes in /dev.
[[0;32m  OK  [0m] Started Monitoring of LVM2 mirrors,...ng dmeventd or progress polling.
[[0;32m  OK  [0m] Reached target Local File Systems (Pre).
[[0;32m  OK  [0m] Reached target Local File Systems.
         Starting Set console font and keymap...
         Starting Tell Plymouth To Write Out Runtime Data...
         Starting Initial cloud-init job (pre-networking)...
         Starting LSB: AppArmor initialization...
         Starting Commit a transient machine-id on disk...
         Starting udev Kernel Device Manager...
[[0;32m  OK  [0m] Started Flush Journal to Persistent Storage.
[[0;32m  OK  [0m] Started Commit a transient machine-id on disk.
[[0;32m  OK  [0m] Started Tell Plymouth To Write Out Runtime Data.
         Starting Create Volatile Files and Directories...
[[0;32m  OK  [0m] Started udev Coldplug all Devices.
[[0;32m  OK  [0m] Started Create Volatile Files and Directories.
         Starting Update UTMP about System Boot/Shutdown...
[[0;32m  OK  [0m] Started Update UTMP about System Boot/Shutdown.
[[0;32m  OK  [0m] Started udev Kernel Device Manager.
[[0;32m  OK  [0m] Started Dispatch Password Requests to Console Directory Watch.
[[0;32m  OK  [0m] Found device /dev/ttyS0.
[[0;32m  OK  [0m] Listening on Load/Save RF Kill Switch Status /dev/rfkill Watch.
[[0;32m  OK  [0m] Started LSB: AppArmor initialization.
[   19.659529] cloud-init[453]: Cloud-init v. 19.1-1-gbaa47854-0ubuntu1~16.04.1 running 'init-local' at Fri, 23 Aug 2019 16:03:03 +0000. Up 17.80 seconds.
[[0;32m  OK  [0m] Started Set console font and keymap.
[[0;32m  OK  [0m] Started Initial cloud-init job (pre-networking).
[[0;32m  OK  [0m] Reached target Network (Pre).
         Starting Raise network interfaces...
[[0;32m  OK  [0m] Created slice system-getty.slice.
[[0;32m  OK  [0m] Started Raise network interfaces.
[[0;32m  OK  [0m] Reached target Network.
         Starting Initial cloud-init job (metadata service crawler)...
[   26.366220] cloud-init[942]: Cloud-init v. 19.1-1-gbaa47854-0ubuntu1~16.04.1 running 'init' at Fri, 23 Aug 2019 16:03:08 +0000. Up 22.86 seconds.
[   26.381972] cloud-init[942]: ci-info: ++++++++++++++++++++++++++++++++++++++Net device info++++++++++++++++++++++++++++++++++++++
[   26.393919] cloud-init[942]: ci-info: +--------+------+----------------------------+---------------+--------+-------------------+
[   26.411745] cloud-init[942]: ci-info: | Device |  Up  |          Address           |      Mask     | Scope  |     Hw-Address    |
[   26.416793] cloud-init[942]: ci-info: +--------+------+----------------------------+---------------+--------+-------------------+
[   26.430134] cloud-init[942]: ci-info: | enp0s3 | True |         10.0.2.15          | 255.255.255.0 | global | 02:6a:5b:40:72:6f |
[   26.436919] cloud-init[942]: ci-info: | enp0s3 | True | fe80::6a:5bff:fe40:726f/64 |       .       |  link  | 02:6a:5b:40:72:6f |
[   26.447644] cloud-init[942]: ci-info: |   lo   | True |         127.0.0.1          |   255.0.0.0   |  host  |         .         |
[   26.458379] cloud-init[942]: ci-info: |   lo   | True |          ::1/128           |       .       |  host  |         .         |
[   26.468937] cloud-init[942]: ci-info: +--------+------+----------------------------+---------------+--------+-------------------+
[   26.480513] cloud-init[942]: ci-info: +++++++++++++++++++++++++++Route IPv4 info++++++++++++++++++++++++++++
[   26.488240] cloud-init[942]: ci-info: +-------+-------------+----------+---------------+-----------+-------+
[   26.491580] cloud-init[942]: ci-info: | Route | Destination | Gateway  |    Genmask    | Interface | Flags |
[   26.552127] cloud-init[942]: ci-info: +-------+-------------+----------+---------------+-----------+-------+
[[0;32m  OK  [0m] Started Initial cloud-init job (metadata service crawler).
[   26.689956] cloud-init[942]: ci-info: |   0   |   0.0.0.0   | 10.0.2.2 |    0.0.0.0    |   enp0s3  |   UG  |
[   26.801060] cloud-init[942]: ci-info: |   1   |   10.0.2.0  | 0.0.0.0  | 255.255.255.0 |   enp0s3  |   U   |
[   26.803792] cloud-init[942]: ci-info: +-------+-------------+----------+---------------+-----------+-------+[[0;32m  OK  [0m] Reached target System Initialization.

[[0;32m  OK  [0m] Listening on D-Bus System Message Bus Socket.
[[0;32m  OK  [0m] Listening on UUID daemon activation socket.
         Starting Socket activation for snappy daemon.
[   26.866638] cloud-init[942]: ci-info: +++++++++++++++++++Route IPv6 info+++++++++++++++++++
         Starting LXD - unix socket.
[   27.000862] cloud-init[942]: ci-info: +-------+-------------+---------+-----------+-------+
[[0;32m  OK  [0m] Started Daily apt download activities.
[   27.014838] cloud-init[942]: ci-info: | Route | Destination | Gateway | Interface | Flags |
[   27.028509] cloud-init[942]: ci-info: +-------+-------------+---------+-----------+-------+
[   27.052726] cloud-init[942]: ci-info: |   0   |  fe80::/64  |    ::   |   enp0s3  |   U   |[[0;32m  OK  [0m] Started ACPI Events Check.
[[0;32m  OK  [0m] Reached target Paths.
[[0;32m  OK  [0m] Started Daily apt upgrade and clean activities.
[[0;32m  OK  [0m] Started Daily Cleanup of Temporary Directories.
[[0;32m  OK  [0m] Reached target Timers.
[[0;32m  OK  [0m] Listening on ACPID Listen Socket.
[[0;32m  OK  [0m] Reached target Cloud-config availability.
[[0;32m  OK  [0m] Reached target Network is Online.

[   27.121402] cloud-init[942]: ci-info: |   4   |   ff00::/8  |    ::   |   enp0s3  |   U   |
[   27.154682] cloud-init[942]: ci-info: +-------+-------------+---------+-----------+-------+
         Starting iSCSI initiator daemon (iscsid)...
[[0;32m  OK  [0m] Listening on Socket activation for snappy daemon.
[[0;32m  OK  [0m] Listening on LXD - unix socket.
[   27.191318] cloud-init[942]: Generating public/private rsa key pair.
[   27.253161] cloud-init[942]: [Your identification has been saved in /etc/ssh/ssh_host_rsa_key.[0;32m  OK  [0m
] Reached target Sockets.
[   27.254902] [[0;32m  OK  [0m] Reached target Basic System.
cloud-init[942]: Your public key has been saved in /etc/ssh/ssh_host_rsa_key.pub.
[   27.349498] cloud-init[942]: The key fingerprint is:
[   27.384773] cloud-init[942]: SHA256:XDSl7l5Pd+yA4SLM8ghuaJvMvQKXfbokE+MBWR2FbMk root@ubuntu-xenial
[   27.435555] [[0;32m  OK  [0m] Started Deferred execution scheduler.
cloud-init[942]: The key's randomart image is:
[   27.449914] cloud-init[942]: +---[RSA 2048]----+
[   27.467060] cloud-init[942]: |  .+.=.   o..    |
         Starting Pollinate to seed the pseudo random number generator...
[   27.540966] cloud-init[942]: | o  E    . o     |
[   27.556525] cloud-init[942]: |o  .      o      |
[   27.559520] cloud-init[942]: | .     . o       |
[   27.567620] cloud-init[942]: |  +o    S . .    |
[   27.644706] cloud-init[942]: |..o+. .o . . o . |
[[0;32m  OK  [0m] Started Regular background program processing daemon.
[   27.678055] cloud-init[942]: | o+.oo. + o + o +|
[   27.715565] cloud-init[942]: | o+Bo. + o o o +.|
[   27.738083] cloud-init[942]: | .=+=o. . .   . .|
[   27.743421] cloud-init[942]: +----[SHA256]-----+
[   27.761984]          Starting LXD - container startup/shutdown...
cloud-init[942]: Generating public/private dsa key pair.
[   27.798047] cloud-init[942]: Your identification has been saved in /etc/ssh/ssh_host_dsa_key.
[   27.822677] cloud-init[942]: Your public key has been saved in /etc/ssh/ssh_host_dsa_key.pub.
[   27.875248] cloud-init[942]: The key fingerprint is:
[[0;32m  OK  [0m] Started D-Bus System Message Bus.
[   27.885847] cloud-init[942]: SHA256:ye1Rm5r4968R4I1QnC+TKqEJMQ75fiq6PZJejMYqWb0 root@ubuntu-xenial
[   27.947665] cloud-init[942]: The key's randomart image is:
[   27.952108] cloud-init[942]: +---[DSA 1024]----+
[   27.955139] cloud-init[942]: |   .       ...   |
[   27.980849] cloud-init[942]: |  o o      .o    |
[   28.019858] cloud-init[942]: |   + o    . oo   |
[   28.023377] cloud-init[942]: |    +  ..o ++*.  |
[   28.026765] cloud-init[942]: |   o . oS.o.=oo  |
[   28.031971] cloud-init[942]: |. + o + .o.+   . |
[   28.035296] cloud-init[942]: | B o +  ..+   .  |
[   28.038820] cloud-init[942]: |B.+ E    .  .  . |
[   28.042619] cloud-init[942]: |*=.o      .. .oo.|
[   28.046136] cloud-init[942]: +----[SHA256]-----+
[   28.049355] cloud-init[942]: Generating public/private ecdsa key pair.
[   28.053281] cloud-init[942]: Your identification has been saved in /etc/ssh/ssh_host_ecdsa_key.
[   28.058106] cloud-init[942]: Your public key has been saved in /etc/ssh/ssh_host_ecdsa_key.pub.
[   28.066952] cloud-init[942]: The key fingerprint is:
[   28.078697] cloud-init[942]: SHA256:YWIiSNirDBOToUo0daunC79UvH6sRlWiG3IwmmAbhCg root@ubuntu-xenial
[   28.088734] cloud-init[942]: The key's randomart image is:
[   28.093553] cloud-init[942]: +---[ECDSA 256]---+
[   28.096394] cloud-init[942]: |*O.. .           |
[   28.099822] cloud-init[942]: |E+oo. .. .       |
[   28.105293] cloud-init[942]: |*+*.+.+ =        |
[   28.109403] cloud-init[942]: |=+.oo* + .       |
[   28.112998] cloud-init[942]: |+o .o++ S        |
[   28.116592] cloud-init[942]: |..  +o.          |
[   28.119777] cloud-init[942]: | . o...          |
[   28.126472] cloud-init[942]: |  + o. o         |
[   28.134749] cloud-init[942]: |   +ooo          |
[   28.148943] cloud-init[942]: +----[SHA256]-----+
[   28.151648] cloud-init[942]: Generating public/private ed25519 key pair.
[   28.158858] cloud-init[942]: Your identification has been saved in /etc/ssh/ssh_host_ed25519_key.
[   28.173171] cloud-init[942]: Your public key has been saved in /etc/ssh/ssh_host_ed25519_key.pub.
[   28.178479] cloud-init[942]: The key fingerprint is:
[   28.182227] cloud-init[942]: SHA256:gP8YiHIAocSWBB86E7PC/spldn/RGAYl8YfCzgp7XeM root@ubuntu-xenial
[   28.188771] cloud-init[942]: The key's randomart image is:
[   28.192414] cloud-init[942]: +--[ED25519 256]--+
[   28.196710] cloud-init[942]: |X+o    oo.       |
[   28.200838] cloud-init[942]: |=X . ...o .      |
[   28.204589] cloud-init[942]: |X.. . .o.o .     |
[   28.216568] cloud-init[942]: |o+ . oo..o.      |
[   28.229114] cloud-init[942]: |..o.. ooSo+      |
[   28.231176] cloud-init[942]: | o. o o+oo..     |
[   28.304099] cloud-init[942]: |   * +...E.      |
[   28.306105] cloud-init[942]: |. = o .  .       |
[   28.311202] cloud-init[942]: | o     ..        |
[   28.313262] cloud-init[942]: +----[SHA256]-----+
[[0;32m  OK  [0m] Started FUSE filesystem for LXC.
         Starting Accounts Service...
         Starting Virtualbox guest utils...
         Starting LSB: Record successful boot for GRUB...
         Starting System Logging Service...
[[0;32m  OK  [0m] Started ACPI event daemon.
         Starting /etc/rc.local Compatibility...
         Starting Login Service...
         Starting LSB: MD monitoring daemon...
         Starting Snappy daemon...
[[0;32m  OK  [0m] Started /etc/rc.local Compatibility.
[[0;32m  OK  [0m] Started System Logging Service.
[[0;32m  OK  [0m] Started iSCSI initiator daemon (iscsid).
[[0;32m  OK  [0m] Started Login Service.
[[0;32m  OK  [0m] Started Unattended Upgrades Shutdown.
         Starting Login to default iSCSI targets...
         Starting Authenticate and Authorize Users to Run Privileged Tasks...
[[0;32m  OK  [0m] Started LSB: Record successful boot for GRUB.
[[0;32m  OK  [0m] Started LSB: MD monitoring daemon.
[[0;32m  OK  [0m] Started Login to default iSCSI targets.
[[0;32m  OK  [0m] Started Authenticate and Authorize Users to Run Privileged Tasks.
[[0;32m  OK  [0m] Started Accounts Service.
[[0;32m  OK  [0m] Reached target Remote File Systems (Pre).
[[0;32m  OK  [0m] Reached target Remote File Systems.
         Starting Permit User Sessions...
         Starting LSB: automatic crash report generation...
         Starting LSB: daemon to balance interrupts for SMP systems...
         Starting LSB: Set the CPU Frequency Scaling governor to "ondemand"...
[[0;32m  OK  [0m] Started LXD - container startup/shutdown.
[[0;32m  OK  [0m] Started Permit User Sessions.
         Starting Terminate Plymouth Boot Screen...
         Starting Hold until boot process finishes up...
[[0;32m  OK  [0m] Started Virtualbox guest utils.
[[0;32m  OK  [0m] Started Terminate Plymouth Boot Screen.
[[0;32m  OK  [0m] Started Hold until boot process finishes up.
[[0;32m  OK  [0m] Started Serial Getty on ttyS0.
         Starting Set console scheme...
[[0;32m  OK  [0m] Started Getty on tty1.
[[0;32m  OK  [0m] Reached target Login Prompts.
[[0;32m  OK  [0m] Started LSB: Set the CPU Frequency Scaling governor to "ondemand".
[[0;32m  OK  [0m] Started Set console scheme.
[[0;32m  OK  [0m] Started LSB: daemon to balance interrupts for SMP systems.
[[0;32m  OK  [0m] Started LSB: automatic crash report generation.
[[0;32m  OK  [0m] Started Pollinate to seed the pseudo random number generator.
         Starting OpenBSD Secure Shell server...
[[0;32m  OK  [0m] Started OpenBSD Secure Shell server.
[[0;32m  OK  [0m] Started Snappy daemon.
         Starting Wait until snapd is fully seeded...
[[0;32m  OK  [0m] Created slice User Slice of vagrant.
         Starting User Manager for UID 1000...
[[0;32m  OK  [0m] Started Session 1 of user vagrant.
[[0;32m  OK  [0m] Started User Manager for UID 1000.
[[0;32m  OK  [0m] Started Wait until snapd is fully seeded.
[[0;32m  OK  [0m] Reached target Multi-User System.
[[0;32m  OK  [0m] Reached target Graphical Interface.
         Starting Update UTMP about System Runlevel Changes...
         Starting Apply the settings specified in cloud-config...
[[0;32m  OK  [0m] Started Update UTMP about System Runlevel Changes.
[   38.598777] cloud-init[1381]: Generating locales (this might take a while)...

Ubuntu 16.04.6 LTS ubuntu-xenial ttyS0

ubuntu-xenial login: [   43.361831] cloud-init[1381]:   en_US.UTF-8... done
[   43.457762] cloud-init[1381]: Generation complete.
[   45.750243] cloud-init[1381]: Cloud-init v. 19.1-1-gbaa47854-0ubuntu1~16.04.1 running 'modules:config' at Fri, 23 Aug 2019 16:03:23 +0000. Up 37.71 seconds.
ci-info: no authorized ssh keys fingerprints found for user ubuntu.
<14>Aug 23 16:03:33 ec2: 
<14>Aug 23 16:03:33 ec2: #############################################################
<14>Aug 23 16:03:33 ec2: -----BEGIN SSH HOST KEY FINGERPRINTS-----
<14>Aug 23 16:03:33 ec2: 1024 SHA256:ye1Rm5r4968R4I1QnC+TKqEJMQ75fiq6PZJejMYqWb0 root@ubuntu-xenial (DSA)
<14>Aug 23 16:03:33 ec2: 256 SHA256:YWIiSNirDBOToUo0daunC79UvH6sRlWiG3IwmmAbhCg root@ubuntu-xenial (ECDSA)
<14>Aug 23 16:03:33 ec2: 256 SHA256:gP8YiHIAocSWBB86E7PC/spldn/RGAYl8YfCzgp7XeM root@ubuntu-xenial (ED25519)
<14>Aug 23 16:03:33 ec2: 2048 SHA256:XDSl7l5Pd+yA4SLM8ghuaJvMvQKXfbokE+MBWR2FbMk root@ubuntu-xenial (RSA)
<14>Aug 23 16:03:33 ec2: -----END SSH HOST KEY FINGERPRINTS-----
<14>Aug 23 16:03:33 ec2: #############################################################
-----BEGIN SSH HOST KEY KEYS-----
ecdsa-sha2-nistp256 AAAAE2VjZHNhLXNoYTItbmlzdHAyNTYAAAAIbmlzdHAyNTYAAABBBLxBADdkfOJbJ7y3p2DK6MW+zKXyepJ3bWqU9UgkHEatEKkjGtPCrVi9r+G9NJBgiI+vLm0/2Qbmx9FVe1yDS2k= root@ubuntu-xenial
ssh-ed25519 AAAAC3NzaC1lZDI1NTE5AAAAIP1Jf+opI8+4d0QEboYyI6UD/zKgwl7cWShzwhNKZiVi root@ubuntu-xenial
ssh-rsa AAAAB3NzaC1yc2EAAAADAQABAAABAQDChDt6Hu5y9wg/s+oj3Ns42OiPZQhhGVzJjACJrkEXNGA1V3vFwdzv2/HaBdlqpc4PbhXxWrj7edvarL34aW9gEejKA42iC9GxRx+V/UHQ1mdQxwJw4EhN5qxZxrfmKDFHD8dsFB7Ri1oMoRfFyMxzNKgOFFLEXAhQhHSbjXAfoPuWuwPCVShZlxZjSAMHM1Mpfas6bgovanMTEhs1zVaEaXvq5q6mlgfZtHhytEwEsBaUReY96VI6aWbM18H3M0aKb3wT0lM76wnLV1f4zVqNWcyfwoOGagLs/lYsz95S6O4gvztXlAm5qz1DuJDn35hxSXMclrRegYUqiA6WHKMF root@ubuntu-xenial
-----END SSH HOST KEY KEYS-----
[   47.669075] cloud-init[1576]: Cloud-init v. 19.1-1-gbaa47854-0ubuntu1~16.04.1 running 'modules:final' at Fri, 23 Aug 2019 16:03:32 +0000. Up 46.91 seconds.
[   47.669957] cloud-init[1576]: ci-info: no authorized ssh keys fingerprints found for user ubuntu.
[   47.670855] cloud-init[1576]: Cloud-init v. 19.1-1-gbaa47854-0ubuntu1~16.04.1 finished at Fri, 23 Aug 2019 16:03:33 +0000. Datasource DataSourceNoCloud [seed=/dev/sdb][dsmode=net].  Up 47.63 seconds
