[    0.000000] Initializing cgroup subsys cpuset
[    0.000000] Initializing cgroup subsys cpu
[    0.000000] Initializing cgroup subsys cpuacct
[    0.000000] Linux version 4.4.0-161-generic (buildd@lcy01-amd64-018) (gcc version 5.4.0 20160609 (Ubuntu 5.4.0-6ubuntu1~16.04.10) ) #189-Ubuntu SMP Tue Aug 27 08:10:16 UTC 2019 (Ubuntu 4.4.0-161.189-generic 4.4.186)
[    0.000000] Command line: BOOT_IMAGE=/boot/vmlinuz-4.4.0-161-generic root=LABEL=cloudimg-rootfs ro console=tty1 console=ttyS0
[    0.000000] KERNEL supported cpus:
[    0.000000]   Intel GenuineIntel
[    0.000000]   AMD AuthenticAMD
[    0.000000]   Centaur CentaurHauls
[    0.000000] x86/fpu: Legacy x87 FPU detected.
[    0.000000] e820: BIOS-provided physical RAM map:
[    0.000000] BIOS-e820: [mem 0x0000000000000000-0x000000000009fbff] usable
[    0.000000] BIOS-e820: [mem 0x000000000009fc00-0x000000000009ffff] reserved
[    0.000000] BIOS-e820: [mem 0x00000000000f0000-0x00000000000fffff] reserved
[    0.000000] BIOS-e820: [mem 0x0000000000100000-0x00000000181effff] usable
[    0.000000] BIOS-e820: [mem 0x00000000181f0000-0x00000000181fffff] ACPI data
[    0.000000] BIOS-e820: [mem 0x00000000fec00000-0x00000000fec00fff] reserved
[    0.000000] BIOS-e820: [mem 0x00000000fee00000-0x00000000fee00fff] reserved
[    0.000000] BIOS-e820: [mem 0x00000000fffc0000-0x00000000ffffffff] reserved
[    0.000000] NX (Execute Disable) protection: active
[    0.000000] SMBIOS 2.5 present.
[    0.000000] Hypervisor detected: KVM
[    0.000000] e820: last_pfn = 0x181f0 max_arch_pfn = 0x400000000
[    0.000000] MTRR: Disabled
[    0.000000] x86/PAT: MTRRs disabled, skipping PAT initialization too.
[    0.000000] CPU MTRRs all blank - virtualized system.
[    0.000000] x86/PAT: Configuration [0-7]: WB  WT  UC- UC  WB  WT  UC- UC  
[    0.000000] found SMP MP-table at [mem 0x0009fff0-0x0009ffff] mapped at [ffff88000009fff0]
[    0.000000] Scanning 1 areas for low memory corruption
[    0.000000] RAMDISK: [mem 0x16b7d000-0x179f8fff]
[    0.000000] ACPI: Early table checksum verification disabled
[    0.000000] ACPI: RSDP 0x00000000000E0000 000024 (v02 VBOX  )
[    0.000000] ACPI: XSDT 0x00000000181F0030 00003C (v01 VBOX   VBOXXSDT 00000001 ASL  00000061)
[    0.000000] ACPI: FACP 0x00000000181F00F0 0000F4 (v04 VBOX   VBOXFACP 00000001 ASL  00000061)
[    0.000000] ACPI: DSDT 0x00000000181F0470 0021FF (v02 VBOX   VBOXBIOS 00000002 INTL 20180105)
[    0.000000] ACPI: FACS 0x00000000181F0200 000040
[    0.000000] ACPI: FACS 0x00000000181F0200 000040
[    0.000000] ACPI: APIC 0x00000000181F0240 000054 (v02 VBOX   VBOXAPIC 00000001 ASL  00000061)
[    0.000000] ACPI: SSDT 0x00000000181F02A0 0001CC (v01 VBOX   VBOXCPUT 00000002 INTL 20180105)
[    0.000000] No NUMA configuration found
[    0.000000] Faking a node at [mem 0x0000000000000000-0x00000000181effff]
[    0.000000] NODE_DATA(0) allocated [mem 0x181eb000-0x181effff]
[    0.000000] kvm-clock: Using msrs 4b564d01 and 4b564d00
[    0.000000] kvm-clock: cpu 0, msr 0:181e3001, primary cpu clock
[    0.000000] kvm-clock: using sched offset of 4213425983 cycles
[    0.000000] clocksource: kvm-clock: mask: 0xffffffffffffffff max_cycles: 0x1cd42e4dffb, max_idle_ns: 881590591483 ns
[    0.000000] Section 2 and 3 (node 0) have a circular dependency on usemap and pgdat allocations
[    0.000000] Zone ranges:
[    0.000000]   DMA      [mem 0x0000000000001000-0x0000000000ffffff]
[    0.000000]   DMA32    [mem 0x0000000001000000-0x00000000181effff]
[    0.000000]   Normal   empty
[    0.000000]   Device   empty
[    0.000000] Movable zone start for each node
[    0.000000] Early memory node ranges
[    0.000000]   node   0: [mem 0x0000000000001000-0x000000000009efff]
[    0.000000]   node   0: [mem 0x0000000000100000-0x00000000181effff]
[    0.000000] Initmem setup node 0 [mem 0x0000000000001000-0x00000000181effff]
[    0.000000] ACPI: PM-Timer IO Port: 0x4008
[    0.000000] IOAPIC[0]: apic_id 1, version 32, address 0xfec00000, GSI 0-23
[    0.000000] ACPI: INT_SRC_OVR (bus 0 bus_irq 0 global_irq 2 dfl dfl)
[    0.000000] ACPI: INT_SRC_OVR (bus 0 bus_irq 9 global_irq 9 low level)
[    0.000000] Using ACPI (MADT) for SMP configuration information
[    0.000000] smpboot: Allowing 1 CPUs, 0 hotplug CPUs
[    0.000000] PM: Registered nosave memory: [mem 0x00000000-0x00000fff]
[    0.000000] PM: Registered nosave memory: [mem 0x0009f000-0x0009ffff]
[    0.000000] PM: Registered nosave memory: [mem 0x000a0000-0x000effff]
[    0.000000] PM: Registered nosave memory: [mem 0x000f0000-0x000fffff]
[    0.000000] e820: [mem 0x18200000-0xfebfffff] available for PCI devices
[    0.000000] Booting paravirtualized kernel on KVM
[    0.000000] clocksource: refined-jiffies: mask: 0xffffffff max_cycles: 0xffffffff, max_idle_ns: 7645519600211568 ns
[    0.000000] setup_percpu: NR_CPUS:512 nr_cpumask_bits:512 nr_cpu_ids:1 nr_node_ids:1
[    0.000000] PERCPU: Embedded 34 pages/cpu @ffff880017e00000 s99544 r8192 d31528 u2097152
[    0.000000] Built 1 zonelists in Node order, mobility grouping on.  Total pages: 97136
[    0.000000] Policy zone: DMA32
[    0.000000] Kernel command line: BOOT_IMAGE=/boot/vmlinuz-4.4.0-161-generic root=LABEL=cloudimg-rootfs ro console=tty1 console=ttyS0
[    0.000000] PID hash table entries: 2048 (order: 2, 16384 bytes)
[    0.000000] Memory: 352756K/394808K available (8622K kernel code, 1335K rwdata, 4032K rodata, 1488K init, 1284K bss, 42052K reserved, 0K cma-reserved)
[    0.000000] SLUB: HWalign=64, Order=0-3, MinObjects=0, CPUs=1, Nodes=1
[    0.000000] Kernel/User page tables isolation: enabled
[    0.000000] Hierarchical RCU implementation.
[    0.000000] 	Build-time adjustment of leaf fanout to 64.
[    0.000000] 	RCU restricting CPUs from NR_CPUS=512 to nr_cpu_ids=1.
[    0.000000] RCU: Adjusting geometry for rcu_fanout_leaf=64, nr_cpu_ids=1
[    0.000000] NR_IRQS:33024 nr_irqs:256 16
[    0.000000] Console: colour VGA+ 80x25
[    0.000000] console [tty1] enabled
[    0.000000] console [ttyS0] enabled
[    0.000000] tsc: Detected 2166.764 MHz processor
[    6.125722] Calibrating delay loop (skipped) preset value.. 4333.52 BogoMIPS (lpj=8667056)
[    6.129759] pid_max: default: 32768 minimum: 301
[    6.131881] ACPI: Core revision 20150930
[    6.136221] ACPI: 2 ACPI AML tables successfully acquired and loaded
[    6.139401] Security Framework initialized
[    6.141415] Yama: becoming mindful.
[    6.143282] AppArmor: AppArmor initialized
[    6.145431] Dentry cache hash table entries: 65536 (order: 7, 524288 bytes)
[    6.149857] Inode-cache hash table entries: 32768 (order: 6, 262144 bytes)
[    6.152923] Mount-cache hash table entries: 1024 (order: 1, 8192 bytes)
[    6.155801] Mountpoint-cache hash table entries: 1024 (order: 1, 8192 bytes)
[    6.159256] Initializing cgroup subsys io
[    6.161409] Initializing cgroup subsys memory
[    6.163769] Initializing cgroup subsys devices
[    6.166018] Initializing cgroup subsys freezer
[    6.168346] Initializing cgroup subsys net_cls
[    6.170828] Initializing cgroup subsys perf_event
[    6.173407] Initializing cgroup subsys net_prio
[    6.175778] Initializing cgroup subsys hugetlb
[    6.178329] Initializing cgroup subsys pids
[    6.185455] mce: CPU supports 0 MCE banks
[    6.187505] process: using mwait in idle threads
[    6.189777] Last level iTLB entries: 4KB 48, 2MB 0, 4MB 0
[    6.193020] Last level dTLB entries: 4KB 128, 2MB 16, 4MB 16, 1GB 0
[    6.444701] Spectre V1 : Mitigation: usercopy/swapgs barriers and __user pointer sanitization
[    6.496320] Spectre V2 : Mitigation: Full generic retpoline
[    6.564312] Spectre V2 : Spectre v2 / SpectreRSB mitigation: Filling RSB on context switch
[    6.736578] MDS: Vulnerable: Clear CPU buffers attempted, no microcode
[    6.790348] Freeing SMP alternatives memory: 36K
[    6.877209] ftrace: allocating 32318 entries in 127 pages
[    7.005543] smpboot: APIC(0) Converting physical 0 to logical package 0
[    7.036484] smpboot: Max logical packages: 1
[    7.039375] x2apic enabled
[    7.041534] Switched APIC routing to physical x2apic.
[    7.187449] ..TIMER: vector=0x30 apic1=0 pin1=2 apic2=-1 pin2=-1
[    7.296279] smpboot: CPU0: Intel(R) Pentium(R) CPU  N3540  @ 2.16GHz (family: 0x6, model: 0x37, stepping: 0x8)
[    7.445352] Performance Events: unsupported p6 CPU model 55 no PMU driver, software events only.
[    7.468359] KVM setup paravirtual spinlock
[    7.486298] x86: Booted up 1 node, 1 CPUs
[    7.488462] smpboot: Total of 1 processors activated (4333.52 BogoMIPS)
[    7.505584] devtmpfs: initialized
[    7.511863] evm: security.selinux
[    7.513744] evm: security.SMACK64
[    7.524640] evm: security.SMACK64EXEC
[    7.526543] evm: security.SMACK64TRANSMUTE
[    7.528615] evm: security.SMACK64MMAP
[    7.530512] evm: security.ima
[    7.532196] evm: security.capability
[    7.534385] clocksource: jiffies: mask: 0xffffffff max_cycles: 0xffffffff, max_idle_ns: 7645041785100000 ns
[    7.538983] futex hash table entries: 256 (order: 2, 16384 bytes)
[    7.541955] pinctrl core: initialized pinctrl subsystem
[    7.552269] RTC time:  1:28:27, date: 09/18/19
[    7.554872] NET: Registered protocol family 16
[    7.557423] cpuidle: using governor ladder
[    7.559506] cpuidle: using governor menu
[    7.561552] PCCT header not found.
[    7.563519] ACPI: bus type PCI registered
[    7.565548] acpiphp: ACPI Hot Plug PCI Controller Driver version: 0.5
[    7.568649] PCI: Using configuration type 1 for base access
[    7.667941] ACPI: Added _OSI(Module Device)
[    7.724695] ACPI: Added _OSI(Processor Device)
[    7.726873] ACPI: Added _OSI(3.0 _SCP Extensions)
[    7.729241] ACPI: Added _OSI(Processor Aggregator Device)
[    7.733181] ACPI: Executed 1 blocks of module-level executable AML code
[    7.740824] ACPI: Interpreter enabled
[    7.742811] ACPI: (supports S0 S5)
[    7.747362] ACPI: Using IOAPIC for interrupt routing
[    7.750189] PCI: Using host bridge windows from ACPI; if necessary, use "pci=nocrs" and report a bug
[    7.763180] ACPI: PCI Root Bridge [PCI0] (domain 0000 [bus 00-ff])
[    7.924824] acpi PNP0A03:00: _OSC: OS supports [ASPM ClockPM Segments MSI]
[    7.927970] acpi PNP0A03:00: _OSC: not requesting OS control; OS requires [ExtendedConfig ASPM ClockPM MSI]
[    7.932581] acpi PNP0A03:00: fail to add MMCONFIG information, can't access extended PCI configuration space under this bridge.
[    7.938616] PCI host bridge to bus 0000:00
[    7.940707] pci_bus 0000:00: root bus resource [io  0x0000-0x0cf7 window]
[    7.943822] pci_bus 0000:00: root bus resource [io  0x0d00-0xffff window]
[    7.964827] pci_bus 0000:00: root bus resource [mem 0x000a0000-0x000bffff window]
[    7.968914] pci_bus 0000:00: root bus resource [mem 0x18200000-0xfdffffff window]
[    7.998351] pci_bus 0000:00: root bus resource [bus 00-ff]
[    8.004811] pci 0000:00:01.1: legacy IDE quirk: reg 0x10: [io  0x01f0-0x01f7]
[    8.008100] pci 0000:00:01.1: legacy IDE quirk: reg 0x14: [io  0x03f6]
[    8.013752] pci 0000:00:01.1: legacy IDE quirk: reg 0x18: [io  0x0170-0x0177]
[    8.025327] pci 0000:00:01.1: legacy IDE quirk: reg 0x1c: [io  0x0376]
[    8.057670] pci 0000:00:07.0: quirk: [io  0x4000-0x403f] claimed by PIIX4 ACPI
[    8.155422] pci 0000:00:07.0: quirk: [io  0x4100-0x410f] claimed by PIIX4 SMB
[    8.168608] ACPI: PCI Interrupt Link [LNKA] (IRQs 5 9 10 *11)
[    8.217074] ACPI: PCI Interrupt Link [LNKB] (IRQs 5 9 *10 11)
[    8.220874] ACPI: PCI Interrupt Link [LNKC] (IRQs 5 *9 10 11)
[    8.457958] ACPI: PCI Interrupt Link [LNKD] (IRQs 5 9 10 *11)
[    8.593602] ACPI: Enabled 2 GPEs in block 00 to 07
[    8.764731] vgaarb: setting as boot device: PCI:0000:00:02.0
[    8.954493] vgaarb: device added: PCI:0000:00:02.0,decodes=io+mem,owns=io+mem,locks=none
[    8.958532] vgaarb: loaded
[    8.960106] vgaarb: bridge control possible 0000:00:02.0
[    8.963264] SCSI subsystem initialized
[    8.965413] ACPI: bus type USB registered
[    9.065573] usbcore: registered new interface driver usbfs
[    9.155023] usbcore: registered new interface driver hub
[    9.157747] usbcore: registered new device driver usb
[    9.214836] PCI: Using ACPI for IRQ routing
[    9.217730] NetLabel: Initializing
[    9.219597] NetLabel:  domain hash size = 128
[    9.221828] NetLabel:  protocols = UNLABELED CIPSOv4
[    9.224377] NetLabel:  unlabeled traffic allowed by default
[    9.227231] amd_nb: Cannot enumerate AMD northbridges
[    9.261412] clocksource: Switched to clocksource kvm-clock
[    9.297659] AppArmor: AppArmor Filesystem Enabled
[    9.374683] pnp: PnP ACPI init
[    9.378276] pnp: PnP ACPI: found 3 devices
[    9.388407] clocksource: acpi_pm: mask: 0xffffff max_cycles: 0xffffff, max_idle_ns: 2085701024 ns
[    9.416362] NET: Registered protocol family 2
[    9.418913] TCP established hash table entries: 4096 (order: 3, 32768 bytes)
[    9.422055] TCP bind hash table entries: 4096 (order: 4, 65536 bytes)
[    9.435048] TCP: Hash tables configured (established 4096 bind 4096)
[    9.437977] UDP hash table entries: 256 (order: 1, 8192 bytes)
[    9.440710] UDP-Lite hash table entries: 256 (order: 1, 8192 bytes)
[    9.485219] NET: Registered protocol family 1
[    9.535105] pci 0000:00:00.0: Limiting direct PCI/PCI transfers
[    9.537883] pci 0000:00:01.0: Activating ISA DMA hang workarounds
[    9.574791] Unpacking initramfs...
[    9.928169] Freeing initrd memory: 14832K
[   10.015002] clocksource: tsc: mask: 0xffffffffffffffff max_cycles: 0x1f3b8dd9347, max_idle_ns: 440795217108 ns
[   10.065208] platform rtc_cmos: registered platform RTC device (no PNP device found)
[   10.085384] Scanning for low memory corruption every 60 seconds
[   10.088751] audit: initializing netlink subsys (disabled)
[   10.124916] audit: type=2000 audit(1568770107.319:1): initialized
[   10.128173] Initialise system trusted keyring
[   10.130522] HugeTLB registered 2 MB page size, pre-allocated 0 pages
[   10.137026] zbud: loaded
[   10.139247] VFS: Disk quotas dquot_6.6.0
[   10.141329] VFS: Dquot-cache hash table entries: 512 (order 0, 4096 bytes)
[   10.245877] squashfs: version 4.0 (2009/01/31) Phillip Lougher
[   10.249095] fuse init (API version 7.23)
[   10.294525] Key type big_key registered
[   10.296534] Allocating IMA MOK and blacklist keyrings.
[   10.299727] Key type asymmetric registered
[   10.301877] Asymmetric key parser 'x509' registered
[   10.304562] Block layer SCSI generic (bsg) driver version 0.4 loaded (major 249)
[   10.365667] io scheduler noop registered
[   10.367871] io scheduler deadline registered (default)
[   10.370787] io scheduler cfq registered
[   10.374985] pci_hotplug: PCI Hot Plug PCI Core version: 0.5
[   10.377629] pciehp: PCI Express Hot Plug Controller Driver version: 0.4
[   10.380953] ACPI: AC Adapter [AC] (off-line)
[   10.383374] input: Power Button as /devices/LNXSYSTM:00/LNXPWRBN:00/input/input0
[   10.387159] ACPI: Power Button [PWRF]
[   10.389237] input: Sleep Button as /devices/LNXSYSTM:00/LNXSLPBN:00/input/input1
[   10.393243] ACPI: Sleep Button [SLPF]
[   10.396907] ACPI: Battery Slot [BAT0] (battery present)
[   10.399542] GHES: HEST is not enabled!
[   10.401723] Serial: 8250/16550 driver, 32 ports, IRQ sharing enabled
[   10.429862] 00:02: ttyS0 at I/O 0x3f8 (irq = 4, base_baud = 115200) is a 16550A
[   10.459601] Linux agpgart interface v0.103
[   10.464591] loop: module loaded
[   10.605190] scsi host0: ata_piix
[   10.664837] scsi host1: ata_piix
[   10.666747] ata1: PATA max UDMA/33 cmd 0x1f0 ctl 0x3f6 bmdma 0xd000 irq 14
[   10.669787] ata2: PATA max UDMA/33 cmd 0x170 ctl 0x376 bmdma 0xd008 irq 15
[   10.674093] libphy: Fixed MDIO Bus: probed
[   10.714922] tun: Universal TUN/TAP device driver, 1.6
[   10.717313] tun: (C) 1999-2004 Max Krasnyansky <maxk@qualcomm.com>
[   10.720299] PPP generic driver version 2.4.2
[   10.722596] ehci_hcd: USB 2.0 'Enhanced' Host Controller (EHCI) Driver
[   10.944769] ehci-pci: EHCI PCI platform driver
[   11.024331] ehci-platform: EHCI generic platform driver
[   11.044377] ohci_hcd: USB 1.1 'Open' Host Controller (OHCI) Driver
[   11.084765] ohci-pci: OHCI PCI platform driver
[   11.087087] ohci-platform: OHCI generic platform driver
[   11.089574] uhci_hcd: USB Universal Host Controller Interface driver
[   11.092662] i8042: PNP: PS/2 Controller [PNP0303:PS2K,PNP0f03:PS2M] at 0x60,0x64 irq 1,12
[   11.098933] serio: i8042 KBD port at 0x60,0x64 irq 1
[   11.101337] serio: i8042 AUX port at 0x60,0x64 irq 12
[   11.145615] mousedev: PS/2 mouse device common for all mice
[   11.148833] input: AT Translated Set 2 keyboard as /devices/platform/i8042/serio0/input/input2
[   11.153707] rtc_cmos rtc_cmos: rtc core: registered rtc_cmos as rtc0
[   11.156718] rtc_cmos rtc_cmos: alarms up to one day, 114 bytes nvram
[   11.224982] i2c /dev entries driver
[   11.264126] device-mapper: uevent: version 1.0.3
[   11.325236] device-mapper: ioctl: 4.34.0-ioctl (2015-10-28) initialised: dm-devel@redhat.com
[   11.455298] ledtrig-cpu: registered to indicate activity on CPUs
[   11.458696] NET: Registered protocol family 10
[   11.461305] NET: Registered protocol family 17
[   11.495111] Key type dns_resolver registered
[   11.497752] registered taskstats version 1
[   11.499960] Loading compiled-in X.509 certificates
[   11.503806] Loaded X.509 cert 'Build time autogenerated kernel key: bdcb03bd89688fd1ecb3c1b37e77d69239145881'
[   11.575768] zswap: loaded using pool lzo/zbud
[   11.582225] Key type trusted registered
[   11.593860] Key type encrypted registered
[   11.615289] AppArmor: AppArmor sha1 policy hashing enabled
[   11.617959] ima: No TPM chip found, activating TPM-bypass!
[   11.717127] ima: Allocated hash algorithm: sha1
[   11.719560] evm: HMAC attrs: 0x1
[   11.721882]   Magic number: 3:400:458
[   11.724043] rtc_cmos rtc_cmos: setting system clock to 2019-09-18 01:28:31 UTC (1568770111)
[   11.835529] BIOS EDD facility v0.16 2004-Jun-25, 0 devices found
[   11.838281] EDD information not available.
[   11.843383] Freeing unused kernel memory: 1488K
[   11.853488] Write protecting the kernel read-only data: 14336k
[   11.857265] Freeing unused kernel memory: 1608K
[   11.860681] Freeing unused kernel memory: 64K
Loading, please wait...
starting version[   11.947281] random: systemd-udevd: uninitialized urandom read (16 bytes read, 3 bits of entropy available)
 229
[   11.999508] random: udevadm: uninitialized urandom read (16 bytes read, 3 bits of entropy available)
[   12.004204] random: udevadm: uninitialized urandom read (16 bytes read, 3 bits of entropy available)
[   12.076089] random: systemd-udevd: uninitialized urandom read (16 bytes read, 3 bits of entropy available)
[   12.252412] random: udevadm: uninitialized urandom read (16 bytes read, 3 bits of entropy available)
[   12.305442] random: udevadm: uninitialized urandom read (16 bytes read, 3 bits of entropy available)
[   12.416598] random: systemd-udevd: uninitialized urandom read (16 bytes read, 3 bits of entropy available)
[   12.495322] random: systemd-udevd: uninitialized urandom read (16 bytes read, 3 bits of entropy available)
[   12.502426] random: systemd-udevd: uninitialized urandom read (16 bytes read, 3 bits of entropy available)
[   12.507256] random: systemd-udevd: uninitialized urandom read (16 bytes read, 3 bits of entropy available)
[   12.712489] e1000: Intel(R) PRO/1000 Network Driver - version 7.3.21-k8-NAPI
[   12.736180] e1000: Copyright (c) 1999-2006 Intel Corporation.
[   12.746451] Fusion MPT base driver 3.04.20
[   12.750043] Copyright (c) 1999-2008 LSI Corporation
[   12.782380] Fusion MPT SPI Host driver 3.04.20
[   12.884982] mptbase: ioc0: Initiating bringup
[   13.013522] input: ImExPS/2 Generic Explorer Mouse as /devices/platform/i8042/serio1/input/input4
[   13.079277] ioc0: LSI53C1030 A0: Capabilities={Initiator}
[   13.311685] scsi host2: ioc0: LSI53C1030 A0, FwRev=00000000h, Ports=1, MaxQ=256, IRQ=20
[   13.490596] scsi 2:0:0:0: Direct-Access     VBOX     HARDDISK         1.0  PQ: 0 ANSI: 5
[   13.508463] scsi target2:0:0: Beginning Domain Validation
[   13.622526] scsi target2:0:0: Domain Validation skipping write tests
[   13.636165] scsi target2:0:0: Ending Domain Validation
[   13.687734] scsi target2:0:0: asynchronous
[   13.855674] scsi 2:0:1:0: Direct-Access     VBOX     HARDDISK         1.0  PQ: 0 ANSI: 5
[   14.020019] scsi target2:0:1: Beginning Domain Validation
[   14.216306] scsi target2:0:1: Domain Validation skipping write tests
[   14.924355] scsi target2:0:1: Ending Domain Validation
[   15.165342] scsi target2:0:1: asynchronous
[   15.192849] e1000 0000:00:03.0 eth0: (PCI:33MHz:32-bit) 02:32:7c:93:db:e1
[   15.195955] e1000 0000:00:03.0 eth0: Intel(R) PRO/1000 Network Connection
[   15.202311] e1000 0000:00:03.0 enp0s3: renamed from eth0
[   15.345096] sd 2:0:0:0: Attached scsi generic sg0 type 0
[   15.945759] sd 2:0:0:0: [sda] 20971520 512-byte logical blocks: (10.7 GB/10.0 GiB)
[   16.363286] sd 2:0:0:0: [sda] Write Protect is off
[   16.454149] sd 2:0:1:0: [sdb] 20480 512-byte logical blocks: (10.5 MB/10.0 MiB)
[   16.472756] sd 2:0:1:0: Attached scsi generic sg1 type 0
[   16.495444] sd 2:0:1:0: [sdb] Write Protect is off
[   16.524452] sd 2:0:0:0: [sda] Incomplete mode parameter data
[   17.164233] sd 2:0:0:0: [sda] Assuming drive cache: write through
[   17.486898] sd 2:0:1:0: [sdb] Incomplete mode parameter data
[   17.544583] sd 2:0:1:0: [sdb] Assuming drive cache: write through
[   17.552505]  sda: sda1
[   17.577508] sd 2:0:0:0: [sda] Attached SCSI disk
[   17.664033] sd 2:0:1:0: [sdb] Attached SCSI disk
Begin: Loading e[   19.614738] md: linear personality registered for level -1
ssential drivers[   20.042209] md: multipath personality registered for level -4
 ... [   20.131656] md: raid0 personality registered for level 0
[   20.732629] md: raid1 personality registered for level 1
[   21.262684] raid6: sse2x1   gen()   641 MB/s
[   21.393047] raid6: sse2x1   xor()  2946 MB/s
[   21.903139] raid6: sse2x2   gen()   875 MB/s
[   22.442828] raid6: sse2x2   xor()  3423 MB/s
[   22.532667] raid6: sse2x4   gen()  1306 MB/s
[   22.622831] raid6: sse2x4   xor()  1310 MB/s
[   23.083965] raid6: using algorithm sse2x4 gen() 1306 MB/s
[   23.583823] raid6: .... xor() 1310 MB/s, rmw enabled
[   23.605509] raid6: using ssse3x2 recovery algorithm
[   23.629815] xor: measuring software checksum speed
[   23.752594]    prefetch64-sse: 19737.000 MB/sec
[   24.262998]    generic_sse: 18040.000 MB/sec
[   24.733910] xor: using function: prefetch64-sse (19737.000 MB/sec)
[   24.927840] async_tx: api initialized (async)
[   25.170663] md: raid6 personality registered for level 6
[   25.763946] md: raid5 personality registered for level 5
[   26.024594] md: raid4 personality registered for level 4
[   26.178920] md: raid10 personality registered for level 10
done.
Begin: Running /scripts/init-premount ... done.
Begin: Mounting root file system ... Begin: Running /scripts/local-top ... done.
Begin: Running /scripts/local-premount ... [   26.859928] Btrfs loaded
Scanning for Btrfs filesystems
done.
Warning: fsck not present, so sk[   27.081841] EXT4-fs (sda1): INFO: recovery required on readonly filesystem
ipping root file system
[   27.267520] EXT4-fs (sda1): write access will be enabled during recovery
[   27.528593] EXT4-fs (sda1): recovery complete
[   27.635855] EXT4-fs (sda1): mounted filesystem with ordered data mode. Opts: (null)
done.
Begin: Running /scripts/local-bottom ... done.
Begin: Running /scripts/init-bottom ... done.
[   27.936413] systemd[1]: systemd 229 running in system mode. (+PAM +AUDIT +SELINUX +IMA +APPARMOR +SMACK +SYSVINIT +UTMP +LIBCRYPTSETUP +GCRYPT +GNUTLS +ACL +XZ -LZ4 +SECCOMP +BLKID +ELFUTILS +KMOD -IDN)
[   28.675955] systemd[1]: Detected virtualization oracle.
[   29.233919] systemd[1]: Detected architecture x86-64.

Welcome to [1mUbuntu 16.04.6 LTS[0m!

[   29.602948] systemd[1]: Set hostname to <ubuntu-xenial>.
[   29.852539] random: nonblocking pool is initialized
[   30.561733] systemd[1]: Set up automount Arbitrary Executable File Formats File System Automount Point.
[[0;32m  OK  [0m] Set up automount Arbitrary Executab...ats File System Automount Point.
[   30.950353] systemd[1]: Listening on Device-mapper event daemon FIFOs.
[[0;32m  OK  [0m] Listening on Device-mapper event daemon FIFOs.
[   31.403668] systemd[1]: Created slice System Slice.
[[0;32m  OK  [0m] Created slice System Slice.
[   31.955855] systemd[1]: Created slice system-serial\x2dgetty.slice.
[[0;32m  OK  [0m] Created slice system-serial\x2dgetty.slice.
[   32.183599] systemd[1]: Reached target System Time Synchronized.
[[0;32m  OK  [0m] Reached target System Time Synchronized.
[   32.274700] systemd[1]: Listening on LVM2 poll daemon socket.
[[0;32m  OK  [0m] Listening on LVM2 poll daemon socket.
[   32.892667] systemd[1]: Created slice User and Session Slice.
[[0;32m  OK  [0m] Created slice User and Session Slice.
[   33.088390] systemd[1]: Reached target Slices.
[[0;32m  OK  [0m] Reached target Slices.
[   33.093610] systemd[1]: Started Trigger resolvconf update for networkd DNS.
[[0;32m  OK  [0m] Started Trigger resolvconf update for networkd DNS.
[   33.136231] systemd[1]: Started Forward Password Requests to Wall Directory Watch.
[[0;32m  OK  [0m] Started Forward Password Requests to Wall Directory Watch.
[   33.239861] systemd[1]: Listening on Journal Socket.
[[0;32m  OK  [0m] Listening on Journal Socket.
[   33.249064] systemd[1]: Starting Uncomplicated firewall...
         Starting Uncomplicated firewall...
[   33.277177] systemd[1]: Starting Remount Root and Kernel File Systems...
         Starting Remount Root and Kernel File Systems...
[   33.388310] EXT4-fs (sda1): re-mounted. Opts: (null)
[   33.656709] systemd[1]: Mounting POSIX Message Queue File System...
         Mounting POSIX Message Queue File System...
[   33.679077] systemd[1]: Starting Nameserver information manager...
         Starting Nameserver information manager...
[   34.345865] systemd[1]: Mounting Debug File System...
         Mounting Debug File System...
[   34.518258] systemd[1]: Listening on Syslog Socket.
[[0;32m  OK  [0m] Listening on Syslog Socket.
[   34.726673] systemd[1]: Reached target User and Group Name Lookups.
[[0;32m  OK  [0m] Reached target User and Group Name Lookups.
[   35.473412] systemd[1]: Starting Load Kernel Modules...
         Starting Load Kernel Modules...
[   35.682035] systemd[1]: Listening on LVM2 metadata daemon socket.
[[0;32m  OK  [0[   35.789689] Loading iSCSI transport class v2.0-870.
m] Listening on [   36.372741] iscsi: registered transport (tcp)
LVM2 metadata daemon socket.
[   36.831969] systemd[1]: Starting Monitoring of LVM2 mirrors, snapshots etc. using dmeventd or progress polling...
         Starting Monitoring of LVM2 mirrors... dmeventd or progress polling...
[   37.409858] iscsi: registered transport (iser)
[   37.574142] systemd[1]: Listening on /dev/initctl Compatibility Named Pipe.
[[0;32m  OK  [0m] Listening on /dev/initctl Compatibility Named Pipe.
[   37.583748] systemd[1]: Listening on udev Control Socket.
[[0;32m  OK  [0m] Listening on udev Control Socket.
[   37.591733] systemd[1]: Starting Set console keymap...
         Starting Set console keymap...
[   37.602720] systemd[1]: Listening on Journal Socket (/dev/log).
[[0;32m  OK  [0m] Listening on Journal Socket (/dev/log).
[   37.617752] systemd[1]: Reached target Encrypted Volumes.
[[0;32m  OK  [0m] Reached target Encrypted Volumes.
[   37.634420] systemd[1]: Mounting Huge Pages File System...
         Mounting Huge Pages File System...
[   37.651842] systemd[1]: Starting Create list of required static device nodes for the current kernel...
         Starting Create list of required st... nodes for the current kernel...
[   37.927208] systemd[1]: Listening on udev Kernel Socket.
[[0;32m  OK  [0m] Listening on udev Kernel Socket.
[   38.052262] systemd[1]: Reached target Swap.
[[0;32m  OK  [0m] Reached target Swap.
[   38.097350] systemd[1]: Listening on Journal Audit Socket.
[[0;32m  OK  [0m] Listening on Journal Audit Socket.
[   38.112342] systemd[1]: Starting Journal Service...
         Starting Journal Service...
[   38.143670] systemd[1]: Mounted Huge Pages File System.
[[0;32m  OK  [0m] Mounted Huge Pages File System.
[   38.171135] systemd[1]: Mounted POSIX Message Queue File System.
[[0;32m  OK  [0m] Mounted POSIX Message Queue File System.
[   38.493306] systemd[1]: Mounted Debug File System.
[[0;32m  OK  [0m] Mounted Debug File System.
[   38.499127] systemd[1]: Started Journal Service.
[[0;32m  OK  [0m] Started Journal Service.
[[0;32m  OK  [0m] Started Uncomplicated firewall.
[[0;32m  OK  [0m] Started Remount Root and Kernel File Systems.
[[0;32m  OK  [0m] Started Load Kernel Modules.
[[0;32m  OK  [0m] Started Set console keymap.
[[0;32m  OK  [0m] Started Create list of required sta...ce nodes for the current kernel.
[[0;32m  OK  [0m] Started Nameserver information manager.
[[0;32m  OK  [0m] Started LVM2 metadata daemon.
         Starting Create Static Device Nodes in /dev...
         Starting Apply Kernel Variables...
         Mounting FUSE Control File System...
         Starting Load/Save Random Seed...
         Starting udev Coldplug all Devices...
         Starting Flush Journal to Persistent Storage...
[[0;32m  OK  [0m] Mounted FUSE Control File System.
[[0;32m  OK  [0m] Started Create Static Device Nodes in /dev.
[[0;32m  OK  [0m] Started Apply Kernel Variables.
[[0;32m  OK  [0m] Started Load/Save Random Seed.
         Starting udev Kernel Device Manager...
[[0;32m  OK  [0m] Started Flush Journal to Persistent Storage.
[[0;32m  OK  [0m] Started Monitoring of LVM2 mirrors,...ng dmeventd or progress polling.
[[0;32m  OK  [0m] Started udev Coldplug all Devices.
[[0;32m  OK  [0m] Started udev Kernel Device Manager.
[[0;32m  OK  [0m] Started Dispatch Password Requests to Console Directory Watch.
[[0;32m  OK  [0m] Reached target Local File Systems (Pre).
[[0;32m  OK  [0m] Reached target Local File Systems.
         Starting Initial cloud-init job (pre-networking)...
         Starting Tell Plymouth To Write Out Runtime Data...
         Starting LSB: AppArmor initialization...
         Starting Set console font and keymap...
         Starting Create Volatile Files and Directories...
[[0;32m  OK  [0m] Started Tell Plymouth To Write Out Runtime Data.
[[0;32m  OK  [0m] Started Create Volatile Files and Directories.
[[0;32m  OK  [0m] Found device /dev/ttyS0.
[[0;32m  OK  [0m] Listening on Load/Save RF Kill Switch Status /dev/rfkill Watch.
         Starting Update UTMP about System Boot/Shutdown...
[   36.187340] cloud-init[577]: Cloud-init v. 19.2-24-ge7881d5c-0ubuntu1~16.04.1 running 'init-local' at Wed, 18 Sep 2019 01:29:02 +0000. Up 34.49 seconds.
[[0;32m  OK  [0m] Started LSB: AppArmor initialization.
[[0;32m  OK  [0m] Started Set console font and keymap.
[[0;32m  OK  [0m] Started Initial cloud-init job (pre-networking).
[[0;32m  OK  [0m] Started Update UTMP about System Boot/Shutdown.
[[0;32m  OK  [0m] Reached target Network (Pre).
[[0;32m  OK  [0m] Created slice system-getty.slice.
         Starting Raise network interfaces...
[[0;32m  OK  [0m] Started ifup for enp0s3.
[[0;32m  OK  [0m] Started Raise network interfaces.
[[0;32m  OK  [0m] Reached target Network.
         Starting Initial cloud-init job (metadata service crawler)...
[   39.334474] cloud-init[963]: Cloud-init v. 19.2-24-ge7881d5c-0ubuntu1~16.04.1 running 'init' at Wed, 18 Sep 2019 01:29:06 +0000. Up 38.37 seconds.
[   39.590654] cloud-init[963]: ci-info: ++++++++++++++++++++++++++++++++++++++Net device info++++++++++++++++++++++++++++++++++++++
[   39.591955] cloud-init[963]: ci-info: +--------+------+----------------------------+---------------+--------+-------------------+
[   39.592467] cloud-init[963]: ci-info: | Device |  Up  |          Address           |      Mask     | Scope  |     Hw-Address    |
[[0;32m  OK  [0m] Started Initial cloud-init job (metadata service crawler).
[   39.593165] cloud-init[963]: ci-info: +--------+------+----------------------------+---------------+--------+-------------------+[[0;32m  OK  [0m] Reached target System Initialization.
[[0;32m  OK  [0m
[   39.661252] cloud-init[963]: ci-info: | enp0s3 | True |         10.0.2.15          | 255.255.255.0 | global | 02:32:7c:93:db:e1 |] Listening on UUID daemon activation socket.
[[0;32m  OK  [0m] Started Daily Cleanup of Temporary Directories.

[   39.672815] cloud-init[963]: ci-info: | enp0s3 | True | fe80::32:7cff:fe93:dbe1/64 |       .       |  link  | 02:32:7c:93:db:e1 |
[[0;32m  OK  [0m] Started ACPI Events Check.
[   39.683650] cloud-init[963]: ci-info: |   lo   | True |         127.0.0.1          |   255.0.0.0   |  host  |         .         |
[[0;32m  OK  [0m[   39.782317] cloud-init[963]: ci-info: |   lo   | True |          ::1/128           |       .       |  host  |         .         |
[   39.783019] cloud-init[963]: ci-info: +--------+------+----------------------------+---------------+--------+-------------------+
[   39.783199] cloud-init[963]: ci-info: +++++++++++++++++++++++++++Route IPv4 info++++++++++++++++++++++++++++
[   39.783363] cloud-init[963]: ci-info: +-------+-------------+----------+---------------+-----------+-------+
[   39.783525] cloud-init[963]: ci-info: | Route | Destination | Gateway  |    Genmask    | Interface | Flags |
[   39.783690] cloud-init[963]: ci-info: +-------+-------------+----------+---------------+-----------+-------+
[   39.783854] cloud-init[963]: ci-info: |   0   |   0.0.0.0   | 10.0.2.2 |    0.0.0.0    |   enp0s3  |   UG  |
[   39.784016] cloud-init[963]: ci-info: |   1   |   10.0.2.0  | 0.0.0.0  | 255.255.255.0 |   enp0s3  |   U   |
[   39.784275] cloud-init[963]: ci-info: +-------+-------------+----------+---------------+-----------+-------+
[   39.784441] cloud-init[963]: ci-info: +++++++++++++++++++Route IPv6 info+++++++++++++++++++
[   39.784610] cloud-init[963]: ci-info: +-------+-------------+---------+-----------+-------+
[   39.784785] cloud-init[963]: ci-info: | Route | Destination | Gateway | Interface | Flags |
[   39.784950] cloud-init[963]: ci-info: +-------+-------------+---------+-----------+-------+
[   39.785112] cloud-init[963]: ci-info: |   0   |  fe80::/64  |    ::   |   enp0s3  |   U   |
[   39.785275] cloud-init[963]: ci-info: |   4   |   ff00::/8  |    ::   |   enp0s3  |   U   |
[   39.785440] cloud-init[963]: ci-info: +-------+-------------+---------+-----------+-------+
] Reached target Paths.
         Starting Docker Socket for the API.
         Starting LXD - unix socket.
[[0;32m  OK  [0m] Listening on ACPID Listen Socket.
[[0;32m  OK  [0m] Started Daily apt download activities.
[[0;32m  OK  [0m] Started Daily apt upgrade and clean activities.
[[0;32m  OK  [0m] Listening on D-Bus System Message Bus Socket.
[[0;32m  OK  [0m] Reached target Timers.
         Starting Socket activation for snappy daemon.
[[0;32m  OK  [0m] Reached target Network is Online.
         Starting iSCSI initiator daemon (iscsid)...
[[0;32m  OK  [0m] Reached target Cloud-config availability.
[[0;32m  OK  [0m] Listening on Docker Socket for the API.
[[0;32m  OK  [0m] Listening on LXD - unix socket.
[[0;32m  OK  [0m] Listening on Socket activation for snappy daemon.
[[0;32m  OK  [0m] Started iSCSI initiator daemon (iscsid).
         Starting Login to default iSCSI targets...
[[0;32m  OK  [0m] Reached target Sockets.
[[0;32m  OK  [0m] Reached target Basic System.
         Starting LSB: MD monitoring daemon...
         Starting Accounts Service...
         Starting /etc/rc.local Compatibility...
         Starting Virtualbox guest utils...
[[0;32m  OK  [0m] Started D-Bus System Message Bus.
[[0;32m  OK  [0m] Started Regular background program processing daemon.
         Starting LXD - container startup/shutdown...
         Starting System Logging Service...
[[0;32m  OK  [0m] Started Deferred execution scheduler.
         Starting containerd container runtime...
         Starting Login Service...
         Starting Snappy daemon...
         Starting LSB: Record successful boot for GRUB...
         Starting OpenBSD Secure Shell server...
[[0;32m  OK  [0m] Started ACPI event daemon.
[[0;32m  OK  [0m] Started FUSE filesystem for LXC.
[[0;32m  OK  [0m] Started System Logging Service.
[[0;32m  OK  [0m] Started /etc/rc.local Compatibility.
[[0;32m  OK  [0m] Started LXD - container startup/shutdown.
[[0;32m  OK  [0m] Started containerd container runtime.
[[0;32m  OK  [0m] Started Login to default iSCSI targets.
[[0;32m  OK  [0m] Started OpenBSD Secure Shell server.
[[0;32m  OK  [0m] Started LSB: MD monitoring daemon.
         Starting Authenticate and Authorize Users to Run Privileged Tasks...
[[0;32m  OK  [0m] Reached target Remote File Systems (Pre).
[[0;32m  OK  [0m] Reached target Remote File Systems.
         Starting LSB: automatic crash report generation...
         Starting Permit User Sessions...
         Starting LSB: daemon to balance interrupts for SMP systems...
         Starting LSB: Set the CPU Frequency Scaling governor to "ondemand"...
         Starting Docker Application Container Engine...
[[0;32m  OK  [0m] Started Snappy daemon.
[[0;32m  OK  [0m] Started Virtualbox guest utils.
[[0;32m  OK  [0m] Started LSB: Record successful boot for GRUB.
[[0;32m  OK  [0m] Started Permit User Sessions.
[[0;32m  OK  [0m] Started Login Service.
[[0;32m  OK  [0m] Started Authenticate and Authorize Users to Run Privileged Tasks.
[[0;32m  OK  [0m] Started Accounts Service.
[[0;32m  OK  [0m] Started Unattended Upgrades Shutdown.
         Starting Hold until boot process finishes up...
         Starting Terminate Plymouth Boot Screen...
         Starting Wait until snapd is fully seeded...
[[0;32m  OK  [0m] Started LSB: automatic crash report generation.
[[0;32m  OK  [0m] Started LSB: daemon to balance interrupts for SMP systems.
[[0;32m  OK  [0m] Started LSB: Set the CPU Frequency Scaling governor to "ondemand".
[[0;32m  OK  [0m] Started Hold until boot process finishes up.
[[0;32m  OK  [0m] Started Terminate Plymouth Boot Screen.
[[0;32m  OK  [0m] Started Wait until snapd is fully seeded.
[[0;32m  OK  [0m] Created slice User Slice of vagrant.
[[0;32m  OK  [0m] Started Session 1 of user vagrant.
         Starting User Manager for UID 1000...
         Starting Apply the settings specified in cloud-config...
         Starting Set console scheme...
[[0;32m  OK  [0m] Started Serial Getty on ttyS0.
[[0;32m  OK  [0m] Started Getty on tty1.
[[0;32m  OK  [0m] Reached target Login Prompts.
[[0;32m  OK  [0m] Started User Manager for UID 1000.
[[0;32m  OK  [0m] Started Set console scheme.
[[0;32m  OK  [0m] Started Docker Application Container Engine.
[[0;32m  OK  [0m] Reached target Multi-User System.
[[0;32m  OK  [0m] Reached target Graphical Interface.
         Starting Update UTMP about System Runlevel Changes...
[   47.976202] cloud-init[1276]: Cloud-init v. 19.2-24-ge7881d5c-0ubuntu1~16.04.1 running 'modules:config' at Wed, 18 Sep 2019 01:29:15 +0000. Up 47.31 seconds.
[[0;32m  OK  [0m] Started Update UTMP about System Runlevel Changes.
[[0;32m  OK  [0m] Started Apply the settings specified in cloud-config.
         Starting Execute cloud user/final scripts...

Ubuntu 16.04.6 LTS dockervm ttyS0

dockervm login: [   50.835554] cloud-init[1591]: Cloud-init v. 19.2-24-ge7881d5c-0ubuntu1~16.04.1 running 'modules:final' at Wed, 18 Sep 2019 01:29:18 +0000. Up 50.39 seconds.
[   50.843302] cloud-init[1591]: Cloud-init v. 19.2-24-ge7881d5c-0ubuntu1~16.04.1 finished at Wed, 18 Sep 2019 01:29:19 +0000. Datasource DataSourceNoCloud [seed=/dev/sdb][dsmode=net].  Up 50.79 seconds
