[    0.000000] Initializing cgroup subsys cpuset
[    0.000000] Initializing cgroup subsys cpu
[    0.000000] Initializing cgroup subsys cpuacct
[    0.000000] Linux version 4.4.0-161-generic (buildd@lcy01-amd64-018) (gcc version 5.4.0 20160609 (Ubuntu 5.4.0-6ubuntu1~16.04.10) ) #189-Ubuntu SMP Tue Aug 27 08:10:16 UTC 2019 (Ubuntu 4.4.0-161.189-generic 4.4.186)
[    0.000000] Command line: BOOT_IMAGE=/boot/vmlinuz-4.4.0-161-generic root=LABEL=cloudimg-rootfs ro console=tty1 console=ttyS0
[    0.000000] KERNEL supported cpus:
[    0.000000]   Intel GenuineIntel
[    0.000000]   AMD AuthenticAMD
[    0.000000]   Centaur CentaurHauls
[    0.000000] x86/fpu: Legacy x87 FPU detected.
[    0.000000] e820: BIOS-provided physical RAM map:
[    0.000000] BIOS-e820: [mem 0x0000000000000000-0x000000000009fbff] usable
[    0.000000] BIOS-e820: [mem 0x000000000009fc00-0x000000000009ffff] reserved
[    0.000000] BIOS-e820: [mem 0x00000000000f0000-0x00000000000fffff] reserved
[    0.000000] BIOS-e820: [mem 0x0000000000100000-0x000000003ffeffff] usable
[    0.000000] BIOS-e820: [mem 0x000000003fff0000-0x000000003fffffff] ACPI data
[    0.000000] BIOS-e820: [mem 0x00000000fec00000-0x00000000fec00fff] reserved
[    0.000000] BIOS-e820: [mem 0x00000000fee00000-0x00000000fee00fff] reserved
[    0.000000] BIOS-e820: [mem 0x00000000fffc0000-0x00000000ffffffff] reserved
[    0.000000] NX (Execute Disable) protection: active
[    0.000000] SMBIOS 2.5 present.
[    0.000000] Hypervisor detected: KVM
[    0.000000] e820: last_pfn = 0x3fff0 max_arch_pfn = 0x400000000
[    0.000000] MTRR: Disabled
[    0.000000] x86/PAT: MTRRs disabled, skipping PAT initialization too.
[    0.000000] CPU MTRRs all blank - virtualized system.
[    0.000000] x86/PAT: Configuration [0-7]: WB  WT  UC- UC  WB  WT  UC- UC  
[    0.000000] found SMP MP-table at [mem 0x0009fff0-0x0009ffff] mapped at [ffff88000009fff0]
[    0.000000] Scanning 1 areas for low memory corruption
[    0.000000] RAMDISK: [mem 0x362f8000-0x37173fff]
[    0.000000] ACPI: Early table checksum verification disabled
[    0.000000] ACPI: RSDP 0x00000000000E0000 000024 (v02 VBOX  )
[    0.000000] ACPI: XSDT 0x000000003FFF0030 00003C (v01 VBOX   VBOXXDT 00000001 ASL  00000061)
[    0.000000] ACPI: FACP 0x000000003FFF00F0 0000F4 (v04 VBOX   VBOXFACP 00000001 ASL  00000061)
[    0.000000] ACPI: DSDT 0x000000003FFF0470 0021FF (v02 VBOX   VBOXBIOS 00000002 INTL 20180105)
[    0.000000] ACPI: FACS 0x000000003FFF0200 000040
[    0.000000] ACPI: FACS 0x000000003FFF0200 000040
[    0.000000] ACPI: APIC 0x000000003FFF0240 00005C (v02 VBOX   VBOXAPIC 00000001 ASL  00000061)
[    0.000000] ACPI: SSDT 0x000000003FFF02A0 0001CC (v01 VBOX   VBOXCPUT 00000002 INTL 20180105)
[    0.000000] No NUMA configuration found
[    0.000000] Faking a node at [mem 0x0000000000000000-0x000000003ffeffff]
[    0.000000] NODE_DATA(0) allocated [mem 0x3ffeb000-0x3ffeffff]
[    0.000000] kvm-clock: Using msrs 4b564d01 and 4b564d00
[    0.000000] kvm-clock: cpu 0, msr 0:3ffe3001, primary cpu clock
[    0.000000] kvm-clock: using sched offset of 4124895365 cycles
[    0.000000] clocksource: kvm-clock: mask: 0xffffffffffffffff max_cycles: 0x1cd42e4dffb, max_idle_ns: 881590591483 ns
[    0.000000] Zone ranges:
[    0.000000]   DMA      [mem 0x0000000000001000-0x0000000000ffffff]
[    0.000000]   DMA32    [mem 0x0000000001000000-0x000000003ffeffff]
[    0.000000]   Normal   empty
[    0.000000]   Device   empty
[    0.000000] Movable zone start for each node
[    0.000000] Early memory node ranges
[    0.000000]   node   0: [mem 0x0000000000001000-0x000000000009efff]
[    0.000000]   node   0: [mem 0x0000000000100000-0x000000003ffeffff]
[    0.000000] Initmem setup node 0 [mem 0x0000000000001000-0x000000003ffeffff]
[    0.000000] ACPI: PM-Timer IO Port: 0x4008
[    0.000000] IOAPIC[0]: apic_id 2, version 32, address 0xfec00000, GSI 0-23
[    0.000000] ACPI: INT_SRC_OVR (bus 0 bus_irq 0 global_irq 2 dfl dfl)
[    0.000000] ACPI: INT_SRC_OVR (bus 0 bus_irq 9 global_irq 9 low level)
[    0.000000] Using ACPI (MADT) for SMP configuration information
[    0.000000] smpboot: Allowing 2 CPUs, 0 hotplug CPUs
[    0.000000] PM: Registered nosave memory: [mem 0x00000000-0x00000fff]
[    0.000000] PM: Registered nosave memory: [mem 0x0009f000-0x0009ffff]
[    0.000000] PM: Registered nosave memor: [mem 0x000a0000-0x000effff]
[    0.000000] PM: Registered nosave memory: [mem 0000f0000-0x000fffff]
[    0.000000] e820: [mem 0x40000000-0xfebfffff] available for PCI devices
[    0.000000] Booting paravirtualized kernel on KVM
[    0.000000] clocksource: refined-jiffies: mask: 0xffffffff max_cycles: 0xffffffff, max_idle_ns: 7645519600211568 ns
[    0.000000] setup_percpu: NR_CPUS:512 nr_cpumask_bits:512 nr_cpu_ids:2 nr_node_ids:1
[    0.000000] PERCPU: Embedded 34 pages/cpu @ffff88003fc00000 s99544 r8192 d31528 u1048576
[    0.000000] Built 1 zonelists in Node order, mobility grouping on.  Total pages: 257912
[    0.000000] Policy zone: DMA32
[    0.000000] Kernel command line: BOOT_IMGE=/boot/vmlinuz-4.4.0-161-generic root=LABEL=cloudimg-rootfs ro consoe=tty1 console=ttyS0
[    0.000000] PID hash table entries: 4096 (order: 3, 32768 bytes)
[    0.000000] Memory: 997724K/1048120K available (8622K kernel code, 1335K rwdata, 4032K rodata, 1488K init, 1284K bss, 50396K reserved, 0K cma-reserved)
[    0.000000] SLUB: HWalign=64, Order=0-3, MinObjects=0, CPUs=2, Nodes=1
[    0.000000] Kernel/User page tables isolation: enabled
[    0.000000] Hierarchical RCU implementation.
[    0.000000] 	Build-time adjustment of leaf fanout to 64.
[    0.000000] 	RCU restricting CPUs from NR_CPUS=512 to nr_cpu_ids=2.
[    0.000000] RCU: Adjusting geometry for rcu_fanout_leaf=64, nr_cpu_ids=2
[    0.000000] NR_IRQS:33024 nr_irqs:440 16
[    0.000000] Console: colour VGA+ 80x25
[    0.000000] console [tty1] enabled
[    0.000000] console [ttyS0] enabled
[    0.000000] tsc: Detected 2166.588 MHz processor
[    1.145732] Calibrating dela loop (skipped) preset value.. 4333.17 BogoMIPS (lpj=8666352)
[    1.207336] pid_max: default: 32768 minimum: 301
[    1.209709] ACPI: Core revision 20150930
[    1.214193] ACPI: 2 ACPI AML tables successfully acquired and loaded
[    1.217585] Security Framework initialized
[    1.219845] Yama: becoming mindful.
[    1.221832] AppArmor: AppArmor initialized
[    1.228206] Dentry cache hash table entries: 131072 (order: 8, 1048576 bytes)
[    1.233139] Inode-cache hash table entries: 65536 (order: 7, 524288 bytes)
[    1.245965] Mount-cache hash table entries: 2048 (order: 2, 16384 bytes)
[    1.253238] Mountpoint-cache hash table entries: 2048 (order: 2, 16384 bytes)
[    1.256828] Initializing cgroup subsys io
[    1.264529] Initializing cgroup subsys memory
[    1.266809] Initializing cgroup subsys devices
[    1.269177] Initializing cgroup subsys freezer
[    1.271938] Initializing cgroup subsys net_cls
[    1.277048] Initializing cgroup subsys perf_event
[    1.286760] Initializing cgroup subsys net_prio
[    1.289168] Initializing cgroup subsys hugetlb
[    1.291489] Initializing cgroup subsys pids
[    1.301879] mce: CPU supports 0 MCE banks
[    1.304623] Last level iTLB entries: 4KB 48, 2MB 0, 4MB 0
[    1.307290] Last level dTLB entries: 4KB 128, 2MB 16, 4MB 16, 1GB 0
[    1.310249] Spectre V1 : Mitigation: usercopy/swapgs barriers and __user pointer sanitization
[    1.315948] Spectre V2 : Mitigation: Full generic retpoline
[    1.318694] Spectre V2 : Spectre v2 / SpectreRSB mitigation: Filling RSB on context switch
[    1.328390] MDS: Vulnerable: Clear CPU buffers attempted, no microcode
[    1.338212] Freeing SMP alternatives memory: 36K
[    1.358812] ftrace: allocating 32318 entries in 127 pages
[    1.481661] smpboot: APIC(0) Converting physical 0 to logical package 0
[    1.490172] smpboot: Max logical packages: 1
[    1.493154] x2apic enabled
[    1.495935] Switched APIC routing to physical x2apic.
[    1.501955] ..TIMER: vector=0x30 apic1=0 pin1=2 apic2=-1 pin2=-1
[    1.611086] smpboot: CPU0: Intel(R) Pentium(R) CPU  N3540  @ 2.16GHz (family: 0x6, model: 0x37, stepping: 0x8)
[    1.621756] Performance Events: unsupported p6 CPU model 55 no PMU driver, software events only.
[    1.650908] KVM setup paravirtual spinlock
[    1.656244] x86: Booting SMP configuration:
[    1.669106] .... node  #0, CPUs:      #1
[    1.671317] kvm-clock: cpu 1, msr 0:3ffe3041, secondary cpu clock
[    1.728632] mce: CPU supports 0 MCE banks
[    1.731972] x86: Booted up 1 node, 2 CPUs
[    1.737770] smpboot: Total of 2 processors activated (8666.35 BogoMIPS)
[    1.741828] devtmpfs: initialized
[    1.748736] evm: security.selinux
[    1.750851] evm: security.SMACK64
[    1.753852] evm: security.SMACK64EXEC
[    1.755835] evm: security.SMACK64TRANSMUTE
[    1.763585] evm: security.SMACK64MMAP
[    1.765593] evm: security.ima
[    1.767681] evm: security.capability
[    1.770554] clocksource: jiffies: mask: 0xffffffff max_cycles: 0xffffffff, max_idle_ns: 7645041785100000 ns
[    1.779595] futex hash table entries: 512 (order: 3, 32768 bytes)
[    1.785081] pinctrl core: initialized pinctrl subsystem
[    1.790724] RTC time: 14:19:30, date: 09/18/19
[    1.798860] NET: Registered protocol family 16
[    1.811319] cpuidle: using governor ladder
[    1.831491] cpuidle: using governor menu
[    1.841203] PCCT header not found.
[    1.843624] ACPI: bus type PCI registered
[    1.845854] acpiphp: ACPI Hot Plug PCI Controller Driver version: 0.5
[    1.849429] PCI: Using configuration type 1 for base access
[    1.865646] ACPI: Added _OSI(Module Device)
[    1.874944] ACPI: Added _OSI(Processor Device)
[    1.877738] ACPI: Added _OSI(3.0 _SCP Extensions)
[    1.880494] ACPI: Added _OSI(Processor Aggregator Device)
[    1.884586] ACPI: Executed 1 blocks of module-level executable AML code
[    1.892458] ACPI: Interpreter enabled
[    1.894550] ACPI: (supports S0 S5)
[    1.896488] ACPI: Using IOAPIC for interrupt routing
[    1.899380] PCI: Using host bridge windows from ACPI; if necessary, use "pci=nocrs" and report a bug
[    1.923736] ACPI: PCI Root Bridge [PCI0] (domain 0000 [bus 00-ff])
[    1.926765] acpi PNP0A03:00: _OSC: OS supports [ASPM ClockPM Segments MSI]
[    1.930042] acpi PNP0A03:00: _OSC: not requesting OS control; OS requires [ExtendedConfig ASPM ClockPM MSI]
[    1.934874] acpi PNP0A03:00: fail to add MMCONFIG information, can't access extended PCI configuration space under this bridge.
[    1.946664] PCI host bridge to bus 0000:00
[    1.954272] pci_bus 0000:00: root bus resource [io  0x0000-0x0cf7 window]
[    1.957489] pci_bus 0000:00: root bus resource [io  0x0d00-0xffff window]
[    1.960690] pci_bus 0000:00: root bus resource [mem 0x000a0000-0x000bffff window]
[    1.966562] pci_bus 0000:00: root bus resource [mem 0x40000000-0xfdffffff window]
[    1.970707] pci_bus 0000:00: root bus resource [bus 00-ff]
[    1.978829] pci 0000:00:01.1: legacy IDE quirk: reg 0x10: [io  0x01f0-0x01f7]
[    1.989769] pci 0000:00:01.1: legacy IDE quirk: reg 0x14: [io  0x03f6]
[    1.993017] pci 0000:00:01.1: legacy IDE quirk: reg 0x18: [io  0x0170-0x0177]
[    2.001845] pci 0000:00:01.1: legacy IDE quirk: reg 0x1c: [io  0x0376]
[    2.069246] pci 0000:00:07.0: quirk: [io  0x4000-0x403f] claimed by PIIX4 ACPI
[    2.078452] pci 0000:00:07.0: quirk: [io  0x4100-0x410f] claimed by PIIX4 SMB
[    2.103117] ACPI: PCI Interrupt Link [LNKA] (IRQs 5 9 10 *11)
[    2.121823] ACPI: PCI Interrupt Link [LNKB] (IRQs 5 9 *10 11)
[    2.131274] ACPI: PCI Interrupt Link [LNKC] (IRQs 5 *9 10 11)
[    2.140700] ACPI: PCI Interrupt Link [LNKD] (IRQs 5 9 10 *11)
[    2.178573] ACPI: Enabled 2 GPEs in block 00 to 07
[    2.182106] vgaarb: setting as boot device: PCI:0000:00:02.0
[    2.184841] vgaarb: device added: PCI:0000:00:02.0,decodes=io+mem,owns=io+mem,locks=none
[    2.189160] vgaarb: loaded
[    2.192458] vgaarb: bridge control possible 0000:00:02.0
[    2.196058] SCSI subsystem initialized
[    2.198782] ACPI: bus type USB registered
[    2.201026] usbcore: registered new interface driver usbfs
[    2.203727] usbcore: registered new interface driver hub
[    2.206438] usbcore: registered new device driver usb
[    2.209717] PCI: Using ACPI for IRQ routing
[    2.212541] NetLabel: Initializing
[    2.219852] NetLabel:  domain hash size = 128
[    2.227505] NetLabel:  protocols = UNLABELED CIPSOv4
[    2.230029] NetLabel:  unlabeled traffic allowed by default
[    2.233778] amd_nb: Cannot enumerate AMD northbridges
[    2.236697] clocksource: Switched to clocksource kvm-clock
[    2.254959] AppArmor: AppArmor Filesystem Enabled
[    2.257681] pnp: PnP ACPI init
[    2.261318] pnp: PnP PIfod dece

[   2.801031] clocksource: acpi_pm: mask: 0xffffff max_cycles: 0xffffff, max_idle_ns: 2085701024 ns
[  3558]ETRested protocol family 2
[    3.935876] TCP established hash table entries: 8192 (ordr:, 53bytes)
[    4.475718]CP bind ha tlenties: 8192 (order: 5, 131072 bytes)
[  4801]CPHa tles configured (established 8192 bind 8192)
[    5.584822UDP hashable entries: 512 (order: 2, 16384 bytes)
[    5.759238] UDP-Lite hash table entries: 512 (order: 2, 16384 bytes)
[    5.762376] NET: Registered protocol family 1
[    5.764669] pci 0000:00:00.0: Limiting direct PCI/PCI transfers
[    5.767611] pci 0000:00:01.0: Activating ISA DMA hang workarounds
[    5.770859] Unpacking initramfs...

[    6.144025] Freeing initrd memory: 14832K
[    6.567331] clocksource: tsc: mask: 0xffffffffffffffff max_cycles: 0x1f3ae7a175d, max_idle_ns: 440795239003 ns
[    6.757662] platform rtc_cmos: registered platform RTC device (no PNP device found)
[    6.761826] Scanning for low memory corruption every 60 seconds
[    6.786148] audit: initializing netlink subsys (disabled)
[    6.788878] audit: type=2000 audit(1568816380.004:1): initialized
[    6.947115] Initialise system trusted keyring
[    6.954356] HugeTLB registered 2 MB page size, pre-allocated 0 pages
[    6.959916] zbud: loaded
[    6.962245] VFS: Disk quotas dquot_6.6.0
[    6.964468] VFS: Dquot-cache hash table entries: 512 (order 0, 4096 bytes)
[    6.968539] squashfs: version 4.0 (2009/01/31) Phillip Lougher
[    6.995254] fuse init (API version 7.23)
[    7.006417] Key type big_key registered
[    7.354045] Allocating IMA MOK and blacklist keyrings.
[    7.488531] Key type asymmetric registered
[    7.491264] Asymmetric key parser 'x509' registered
[    7.494209] Block layer SCSI generic (bsg) driver version 0.4 loaded (major 249)
[    7.498516] io scheduler noop registered
[    7.500717] io scheduler deadline registered (default)
[    7.503625] io scheduler cfq registered
[    7.505817] pci_hotplug: PCI Hot Plug PCI Core version: 0.5
[    7.508670] pciehp: PCI Express Hot Plug Controller Driver version: 0.4
[    7.512268] ACPI: AC Adapter [AC] (off-line)
[    7.514649] input: Power Button as /devices/LNXSYSTM:00/LNXPWRBN:00/input/input0
[    7.518395] ACPI: Power Button [PWRF]
[    7.520572] input: Sleep Button as /devices/LNXSYSTM:00/LNXSLPBN:00/input/input1
[    7.524553] ACPI: Sleep Button [SLPF]
[    7.528315] ACPI: Battery Slot [BAT0] (battery present)
[    7.530978] GHES: HEST is not enabled!
[    7.533314] Serial: 8250/16550 driver, 32 ports, IRQ sharing enabled
[    7.561456] 00:02: ttyS0 at I/O 0x3f8 (irq = 4, base_baud = 115200) is a 16550A
[    7.978920] Linux agpgart interface v0.103
[    8.161748] loop: module loaded
[    8.196387] scsi host0: ata_piix
[    8.404386] scsi host1: ata_piix
[    8.743996] ata1: PATA max UDMA/33 cmd 0x1f0 ctl 0x3f6 bmdma 0xd000 irq 14
[    9.234601] ata2: PATA max UDMA/33 cmd 0x170 ctl 0x376 bmdma 0xd008 irq 15
[    9.275560] libphy: Fixed MDIO Bus: probed
[    9.287483] tun: Universal TUN/TAP device driver, 1.6
[    9.314114] tun: (C) 1999-2004 Max Krasnyansky <maxk@qualcomm.com>
[    9.317187] PPP generic driver version 2.4.2
[    9.319657] ehci_hcd: USB 2.0 'Enhanced' Host Controller (EHCI) Driver
[    9.344359] ehci-pci: EHCI PCI platform driver
[    9.346766] ehci-platform: EHCI generic platform driver
[    9.349365] ohci_hcd: USB 1.1 'Open' Host Controller (OHCI) Driver
[    9.375561] ohci-pci: OHCI PCI platform driver
[    9.378032] ohci-platform: OHCI generic platform driver
[    9.380640] uhci_hcd: USB Universal Host Controller Interface driver
[    9.405453] i8042: PNP: PS/2 Controller [PNP0303:PS2K,PNP0f03:PS2M] at 0x60,0x64 irq 1,12
[    9.410802] serio: i8042 KBD port at 0x60,0x64 irq 1
[    9.413368] serio: i8042 AUX port at 0x60,0x64 irq 12
[    9.425747] mousedev: PS/2 mouse device common for all mice
[    9.429487] rtc_cmos rtc_cmos: rtc core: registered rtc_cmos as rtc0
[    9.456150] rtc_cmos rtc_cmos: alarms up to one day, 114 bytes nvram
[    9.459328] i2c /dev entries driver
[    9.461401] input: AT Translated Set 2 keyboard as /devices/platform/i8042/serio0/input/input2
[    9.525695] device-mapper: uevent: version 1.0.3
[    9.574670] device-mapper: ioctl: 4.34.0-ioctl (2015-10-28) initialised: dm-devel@redhat.com
[    9.796944] ledtrig-cpu: registered to indicate activity on CPUs
[   10.145600] NET: Registered protocol family 10
[   10.335430] NET: Registered protocol family 17
[   10.426932] Key type dns_resolver registered
[   10.442208] registered taskstats version 1
[   10.462799] Loading compiled-in X.509 certificates
[   10.505854] Loaded X.509 cert 'Build time autogenerated kernel key: bdcb03bd89688fd1ecb3c1b37e77d69239145881'
[   10.510827] zswap: loaded using pool lzo/zbud
[   10.520474] Key type trusted registered
[   10.536883] Key type encrypted registered
[   10.539820] AppArmor: AppArmor sha1 policy hashing enabled
[   10.543873] ima: No TPM chip found, activating TPM-bypass!
[   10.547874] ima: Allocated hash algorithm: sha1
[   10.551335] evm: HMAC attrs: 0x1
[   10.553957]   Magic number: 3:128:334
[   10.556050] tty tty55: hash matches
[   10.558294] rtc_cmos rtc_cmos: setting system clock to 2019-09-18 14:19:39 UTC (1568816379)
[   10.562928] BIOS EDD facility v0.16 2004-Jun-25, 0 devices found
[   10.565775] EDD information not available.
[   10.586704] Freeing unused kernel memory: 1488K
[   10.596749] Write protecting the kernel read-only data: 14336k
[   10.618371] Freeing unused kernel memory: 1608K
[   10.635632] Freeing unused kernel memory: 64K
Loading, please wait...
starting version[   10.686293] random: systemd-udevd: uninitialized urandom read (16 bytes read, 4 bits of entropy available)
 229
[   10.687212] random: udevadm: uninitialized urandom read (16 bytes read, 4 bits of entropy available)
[   10.687280] random: udevadm: uninitialized urandom read (16 bytes read, 4 bits of entropy available)
[   10.722971] random: udevadm: uninitialized urandom read (16 bytes read, 4 bits of entropy available)
[   10.723106] random: udevadm: uninitialized urandom read (16 bytes read, 4 bits of entropy available)
[   10.723593] random: udevadm: uninitialized urandom read (16 bytes read, 4 bits of entropy available)
[   10.723786] random: udevadm: uninitialized urandom read (16 bytes read, 4 bits of entropy available)
[   10.723978] random: udevadm: uninitialized urandom read (16 bytes read, 4 bits of entropy available)
[   10.724181] random: udevadm: uninitialized urandom read (16 bytes read, 4 bits of entropy available)
[   10.724372] random: udevadm: uninitialized urandom read (16 bytes read, 4 bits of entropy available)
[   11.816464] Fusion MPT base driver 3.04.20
[   11.924306] Copyright (c) 1999-2008 LSI Corporation
[   11.931371] e1000: Intel(R) PRO/1000 Network Driver - version 7.3.21-k8-NAPI
[   11.936103] e1000: Copyright (c) 1999-2006 Intel Corporation.
[   11.957942] Fusion MPT SPI Host driver 3.04.20
[   11.965020] mptbase: ioc0: Initiating bringup
[   12.035245] ioc0: LSI53C1030 A0: Capabilities={Initiator}
[   12.230642] input: ImExPS/2 Generic Explorer Mouse as /devices/platform/i8042/serio1/input/input4
[   12.400065] scsi host2: ioc0: LSI53C1030 A0, FwRev=00000000h, Ports=1, MaxQ=256, IRQ=20
[   12.529359] scsi 2:0:0:0: Direct-Access     VBOX     HARDDISK         1.0  PQ: 0 ANSI: 5
[   12.540995] scsi target2:0:0: Beginning Domain Validation
[   12.548668] scsi target2:0:0: Domain Validation skipping write tests
[   12.551765] scsi target2:0:0: Ending Domain Validation
[   12.554873] scsi target2:0:0: asynchronous
[   12.559217] scsi 2:0:1:0: Direct-Access     VBOX     HARDDISK         1.0  PQ: 0 ANSI: 5
[   12.564635] scsi target2:0:1: Beginning Domain Validation
[   12.616799] scsi target2:0:1: Domain Validation skipping write tests
[   12.645676] scsi target2:0:1: Ending Domain Validation
[   12.651013] scsi target2:0:1: asynchronous
[   12.680038] sd 2:0:0:0: Attached scsi generic sg0 type 0
[   12.685257] sd 2:0:0:0: [sda] 20971520 512-byte logical blocks: (10.7 GB/10.0 GiB)
[   12.694047] sd 2:0:1:0: Attached scsi generic sg1 type 0
[   12.697885] sd 2:0:0:0: [sda] Write Protect is off
[   12.701562] sd 2:0:1:0: [sdb] 20480 512-byte logical blocks: (10.5 MB/10.0 MiB)
[   12.728329] sd 2:0:0:0: [sda] Incomplete mode parameter data
[   12.736983] sd 2:0:0:0: [sda] Assuming drive cache: write through
[   12.751498] sd 2:0:1:0: [sdb] Write Protect is off
[   12.754612] sd 2:0:1:0: [sdb] Incomplete mode parameter data
[   12.796695] sd 2:0:1:0: [sdb] Assuming drive cache: write through
[   12.814297]  sda: sda1
[   12.828480] sd 2:0:0:0: [sda] Attached SCSI disk
[   12.840842] sd 2:0:1:0: [sdb] Attached SCSI disk
[   13.047742] e1000 0000:00:03.0 eth0: (PCI:33MHz:32-bit) 02:32:7c:93:db:e1
[   13.444551] e1000 0000:00:03.0 eth0: Intel(R) PRO/1000 Network Connection
[   13.977786] e1000 0000:00:03.0 enp0s3: renamed from eth0
Begin: Loading e[   16.050410] md: linear personality registered for level -1
ssential drivers ... [   16.071594] md: multipath personality registered for level -4
[   16.086396] md: raid0 personality registered for level 0
[   16.109461] md: raid1 personality registered for level 1
[   16.189130] raid6: sse2x1   gen()  1125 MB/s
[   16.381279] raid6: sse2x1   xor()  2615 MB/s
[   16.484867] raid6: sse2x2   gen()   625 MB/s
[   16.552755] raid6: sse2x2   xor()  3080 MB/s
[   16.624871] raid6: sse2x4   gen()  1116 MB/s
[   16.701021] raid6: sse2x4   xor()  1254 MB/s
[   16.726122] raid6: using algorithm sse2x1 gen() 1125 MB/s
[   16.745045] raid6: .... xor() 2615 MB/s, rmw enabled
[   16.747551] raid6: using ssse3x2 recovery algorithm
[   16.765132] xor: measuring software checksum speed
[   16.809159]    prefetch64-sse: 12699.000 MB/sec
[   16.883488]    generic_sse: 18006.000 MB/sec
[   16.889038] xor: using function: generic_sse (18006.000 MB/sec)
[   16.899141] async_tx: api initialized (async)
[   16.950186] md: raid6 personality registered for level 6
[   17.066058] md: raid5 personality registered for level 5
[   17.095443] md: raid4 personality registered for level 4
[   17.121683] md: raid10 personality registered for level 10
done.
Begin: Running /scripts/init-premount ... done.
Begin: Mounting root file system ... Begin: Running /scripts/local-top ... done.
Begin: Running /scripts/local-premount ... [   17.206622] Btrfs loaded
Scanning for Btrfs filesystems
done.
Warning: fsck not present, so sk[   17.366254] EXT4-fs (sda1): INFO: recovery required on readonly filesystem
ipping root file system
[   17.490305] EXT4-fs (sda1): write access will be enabled during recovery
[   17.626590] EXT4-fs (sda1): recovery complete
[   17.656521] EXT4-fs (sda1): mounted filesystem with ordered data mode. Opts: (null)
done.
Begin: Running /scripts/local-bottom ... done.
Begin: Running /scripts/init-bottom ... done.
[   18.027707] systemd[1]: systemd 229 running in system mode. (+PAM +AUDIT +SELINUX +IMA +APPARMOR +SMACK +SYSVINIT +UTMP +LIBCRYPTSETUP +GCRYPT +GNUTLS +ACL +XZ -LZ4 +SECCOMP +BLKID +ELFUTILS +KMOD -IDN)
[   18.038207] systemd[1]: Detected virtualization oracle.
[   18.041165] systemd[1]: Detected architecture x86-64.

Welcome to [1mUbuntu 16.04.6 LTS[0m!

[   18.047830] systemd[1]: Set hostname to <ubuntu-xenial>.
[   18.420663] systemd[1]: Started Forward Password Requests to Wall Directory Watch.
[[0;32m  OK  [0m] Started Forward Password Requests to Wall Directory Watch.
[   18.458607] systemd[1]: Reached target Swap.
[[0;32m  OK  [0m] Reached target Swap.
[   18.465954] systemd[1]: Created slice User and Session Slice.
[[0;32m  OK  [0m] Created slice User and Session Slice.
[   18.473645] systemd[1]: Listening on Device-mapper event daemon FIFOs.
[[0;32m  OK  [0m] Listening on Device-mapper event daemon FIFOs.
[   18.480388] systemd[1]: Created slice System Slice.
[[0;32m  OK  [0m] Created slice System Slice.
[   18.485629] systemd[1]: Listening on Journal Socket.
[[0;32m  OK  [0m] Listening on Journal Socket.
[   18.504996] systemd[1]: Mounting POSIX Message Queue File System...
         Mounting POSIX Message Queue File System...
[   18.585335] systemd[1]: Starting Load Kernel Modules...
[   18.586860] random: nonblocking pool is initialized
         Starting Load Kernel Modules...
[   18.607622] Loading iSCSI transport class v2.0-870.
[   18.607648] systemd[1]: Listening on /dev/initctl Compatibility Named Pipe.
[[0;32m  OK  [0m] Listening on /dev/initctl Compatibility Named Pipe.
[   18.619865] systemd[1]: Reached target Slices.
[[0;32m  OK  [0m] Reached target Slices.
[   18.628881] systemd[1]: Started Trigger resolvconf update for networkd DNS.
[   18.632325] iscsi: registered transport (tcp)
[[0;32m  OK  [0m] Started Trigger resolvconf update for networkd DNS.
[   18.638205] systemd[1]: Reached target User and Group Name Lookups.
[[0;32m  OK  [0m] Reached target User and Group Name Lookups.
[   18.644083] systemd[1]: Reached target System Time Synchronized.
[[0;32m  OK  [0m] Reached target System Time Synchronized.
[   18.662204] systemd[1]: Starting Set console keymap...
         Starting Set console keymap...
[   18.672408] systemd[1]: Listening on udev Control Socket.
[[0;32m  OK  [0m] Listening on udev Control Socket.
[   18.704517] iscsi: registered transport (iser)
[   18.725311] systemd[1]: Starting Uncomplicated firewall...
         Starting Uncomplicated firewall...
[   18.753158] systemd[1]: Listening on udev Kernel Socket.
[[0;32m  OK  [0m] Listening on udev Kernel Socket.
[   18.793006] systemd[1]: Listening on Journal Socket (/dev/log).
[[0;32m  OK  [0m] Listening on Journal Socket (/dev/log).
[   18.799421] systemd[1]: Created slice system-serial\x2dgetty.slice.
[[0;32m  OK  [0m] Created slice system-serial\x2dgetty.slice.
[   18.805724] systemd[1]: Set up automount Arbitrary Executable File Formats File System Automount Point.
[[0;32m  OK  [0m] Set up automount Arbitrary Executab...ats File System Automount Point.
[   18.844479] systemd[1]: Listening on LVM2 poll daemon socket.
[[0;32m  OK  [0m] Listening on LVM2 poll daemon socket.
[   18.857428] systemd[1]: Listening on LVM2 metadata daemon socket.
[[0;32m  OK  [0m] Listening on LVM2 metadata daemon socket.
[   18.878168] systemd[1]: Starting Monitoring of LVM2 mirrors, snapshots etc. using dmeventd or progress polling...
         Starting Monitoring of LVM2 mirrors... dmeventd or progress polling...
[   18.901159] systemd[1]: Starting Create list of required static device nodes for the current kernel...
         Starting Create list of required st... nodes for the current kernel...
[   18.920013] systemd[1]: Reached target Encrypted Volumes.
[[0;32m  OK  [0m] Reached target Encrypted Volumes.
[   18.926453] systemd[1]: Listening on Syslog Socket.
[[0;32m  OK  [0m] Listening on Syslog Socket.
[   18.939607] systemd[1]: Mounting Huge Pages File System...
         Mounting Huge Pages File System...
[   18.950363] systemd[1]: Starting Remount Root and Kernel File Systems...
         Starting Remount Root and Kernel File Systems...
[   18.958362] systemd[1]: Starting Nameserver information manager...
         Starting Nameserver information manager...
[   18.966357] systemd[1]: Listening on Journal Audit Socket.
[[0;32m  OK  [0m] Listening on Journal Audit Socket.
[   18.973843] EXT4-fs (sda1): re-mounted. Opts: (null)
[   18.975058] systemd[1]: Starting Journal Service...
         Starting Journal Service...
[   18.983503] systemd[1]: Mounting Debug File System...
         Mounting Debug File System...
[   18.994453] systemd[1]: Mounted Huge Pages File System.
[[0;32m  OK  [0m] Mounted Huge Pages File System.
[   18.999760] systemd[1]: Mounted POSIX Message Queue File System.
[[0;32m  OK  [0m] Mounted POSIX Message Queue File System.
[   19.007198] systemd[1]: Mounted Debug File System.
[[0;32m  OK  [0m] Mounted Debug File System.
[   19.049353] systemd[1]: Started Journal Service.
[[0;32m  OK  [0m] Started Journal Service.
[[0;32m  OK  [0m] Started Load Kernel Modules.
[[0;32m  OK  [0m] Started Set console keymap.
[[0;32m  OK  [0m] Started Uncomplicated firewall.
[[0;32m  OK  [0m] Started Create list of required sta...ce nodes for the current kernel.
[[0;32m  OK  [0m] Started Remount Root and Kernel File Systems.
[[0;32m  OK  [0m] Started Nameserver information manager.
[[0;32m  OK  [0m] Started LVM2 metadata daemon.
         Starting udev Coldplug all Devices...
         Starting Load/Save Random Seed...
         Starting Create Static Device Nodes in /dev...
         Mounting FUSE Control File System...
         Starting Apply Kernel Variables...
         Starting Flush Journal to Persistent Storage...
[[0;32m  OK  [0m] Mounted FUSE Control File System.
[[0;32m  OK  [0m] Started Load/Save Random Seed.
[[0;32m  OK  [0m] Started Create Static Device Nodes in /dev.
[[0;32m  OK  [0m] Started Apply Kernel Variables.
[[0;32m  OK  [0m] Started Monitoring of LVM2 mirrors,...ng dmeventd or progress polling.
[[0;32m  OK  [0m] Started udev Coldplug all Devices.
[[0;32m  OK  [0m] Started Flush Journal to Persistent Storage.
         Starting udev Kernel Device Manager...
[[0;32m  OK  [0m] Reached target Local File Systems (Pre).
[[0;32m  OK  [0m] Reached target Local File Systems.
         Starting Create Volatile Files and Directories...
         Starting Set console font and keymap...
         Starting Initial cloud-init job (pre-networking)...
         Starting Tell Plymouth To Write Out Runtime Data...
         Starting LSB: AppArmor initialization...
[[0;32m  OK  [0m] Started udev Kernel Device Manager.
[[0;32m  OK  [0m] Started Tell Plymouth To Write Out Runtime Data.
[[0;32m  OK  [0m] Started Create Volatile Files and Directories.
         Starting Update UTMP about System Boot/Shutdown...
[[0;32m  OK  [0m] Started Dispatch Password Requests to Console Directory Watch.
[[0;32m  OK  [0m] Started Update UTMP about System Boot/Shutdown.
[[0;32m  OK  [0m] Started LSB: AppArmor initialization.
[[0;32m  OK  [0m] Found device /dev/ttyS0.
[[0;32m  OK  [0m] Listening on Load/Save RF Kill Switch Status /dev/rfkill Watch.
[[0;32m  OK  [0m] Found device 82540EM Gigabit Ethern...r (PRO/1000 MT Desktop Adapter).
[[0;32m  OK  [0m] Started Set console font and keymap.
[[0;32m  OK  [0m] Created slice system-getty.slice.
[   21.105960] cloud-init[472]: Cloud-init v. 19.2-24-ge7881d5c-0ubuntu1~16.04.1 running 'init-local' at Wed, 18 Sep 2019 14:19:50 +0000. Up 20.26 seconds.
[[0;32m  OK  [0m] Started Initial cloud-init job (pre-networking).
[[0;32m  OK  [0m] Reached target Network (Pre).
         Starting Raise network interfaces...
[[0;32m  OK  [0m] Started ifup for enp0s3.
[[0;32m  OK  [0m] Started Raise network interfaces.
[[0;32m  OK  [0m] Reached target Network.
         Starting Initial cloud-init job (metadata service crawler)...
[   23.612959] cloud-init[972]: Cloud-init v. 19.2-24-ge7881d5c-0ubuntu1~16.04.1 running 'init' at Wed, 18 Sep 2019 14:19:53 +0000. Up 22.69 seconds.
[   23.694449] cloud-init[972]: ci-info: ++++++++++++++++++++++++++++++++++++++Net device info++++++++++++++++++++++++++++++++++++++
[   23.705079] cloud-init[972]: ci-info: +--------+------+----------------------------+---------------+--------+-------------------+
[   23.723402] cloud-init[972]: ci-info: | Device |  Up  |          Address           |      Mask     | Scope  |     Hw-Address    |
[   23.732725] cloud-init[972]: ci-info: +--------+------+----------------------------+---------------+--------+-------------------+
[   23.741396] cloud-init[972]: ci-info: | enp0s3 | True |         10.0.2.15          | 255.255.255.0 | global | 02:32:7c:93:db:e1 |
[   23.751586] cloud-init[972]: ci-info: | enp0s3 | True | fe80::32:7cff:fe93:dbe1/64 |       .       |  link  | 02:32:7c:93:db:e1 |
[   23.762561] [[0;32m  OK  [0m] Started Initial cloud-init job (metadata service crawler).
[[0;32m  OK  [0m] Reached target Cloud-config availability.
[[0;32m  OK  [0m] Reached target Network is Online.
cloud-init[972]: ci-info: |   lo   | True |         127.0.0.1          |   255.0.0.0   |  host  |         .         |
[   23.776989] cloud-init[972]: ci-info: |   lo   | True |          ::1/128           |       .       |  host  |         .         |
[   23.781365]          cloud-initStarting iSCSI initiator daemon (iscsid)...
[[0;32m  OK  [0m] Reached target System Initialization.
[972]: [ci-info: +--------+------+----------------------------+---------------+--------+-------------------+[0;32m  OK  [0m
] Started Daily Cleanup of Temporary Directories.
[[0;32m  OK  [0m] Listening on D-Bus System Message Bus Socket.
[[0;32m  OK  [0m] Listening on ACPID Listen Socket.
[[0;32m  OK  [0m] Listening on UUID daemon activation socket.
         Starting Socket activation for snappy daemon.
[   23.787189] cloud-init[972]: ci-info: +++++++++++++++++++++++++++Route IPv4 info++++++++++++++++++++++++++++
[   23.813915] cloud-init[972]: ci-info: +-------+-------------+----------+---------------+-----------+-------+
[   23.820430] [[0;32m  OK  [0m] Started Daily apt download activities.
[[0;32m  OK  [0m] Started Daily apt upgrade and clean activities.
[[0;32m  OK  [0m] Reached target Timers.
cloud-init[972]: ci-info: | Route | Destination | Gateway  |    Genmask    | Interface | Flags |
[   23.834685] cloud-init[[0;32m  OK  [0m] Started ACPI Events Check.
[[0;32m  OK  [0m] Reached target Paths.
[972]: ci-info: +-------+-------------+----------+---------------+-----------+-------+
[   23.842902] cloud-init[972]: ci-info: |   0   |   0.0.0.0   | 10.0.2.2 |    0.0.0.0    |   enp0s3  |   UG  |
[   23.847726]          Starting LXD - unix socket.
cloud-init[972]: ci-info: |   1   |   10.0.2.0  | 0.0.0.0  | 255.255.255.0 |   enp0s3  |   U   |
[   23.859644] cloud-init[972]: ci-info: +-------+-------------+----------+---------------+-----------+-------+
[[   23.879404] cloud-init[972]: ci-info: +++++++++++++++++++Route IPv6 info+++++++++++++++++++
[   23.885790] cloud-init[972]: ci-info: +-------+-------------+---------+-----------+-------+
[0;32m  OK  [0m] Listening on Socket activation for snappy daemon.
[   23.886437] cloud-init[972]: ci-info: | Route | Destination | Gateway | Interface | Flags |
[   23.895679] cloud-init[972]: ci-info: +-------+-------------+---------+-----------+-------+
[   23.896173] cloud-init[972]: ci-info: |   0   |  fe80::/64  |    ::   |   enp0s3  |   U   |
[   23.896380] cloud-init[972]: ci-info: |   3   |   ff00::/8  |    ::   |   enp0s3  |   U   |
[   23.897152] cloud-init[972]: ci-info: +-------+-------------+---------+-----------+-------+
[[0;32m  OK  [0m] Listening on LXD - unix socket.
[[0;32m  OK  [0m] Started iSCSI initiator daemon (iscsid).
         Starting Login to default iSCSI targets...
[[0;32m  OK  [0m] Reached target Sockets.
[[0;32m  OK  [0m] Reached target Basic System.
[[0;32m  OK  [0m] Started ACPI event daemon.
[[0;32m  OK  [0m] Started D-Bus System Message Bus.
         Starting /etc/rc.local Compatibility...
[[0;32m  OK  [0m] Started Deferred execution scheduler.
         Starting Virtualbox guest utils...
         Starting System Logging Service...
         Starting LSB: MD monitoring daemon...
         Starting LSB: Record successful boot for GRUB...
         Starting Accounts Service...
         Starting OpenBSD Secure Shell server...
         Starting Login Service...
         Starting LXD - container startup/shutdown...
[[0;32m  OK  [0m] Started FUSE filesystem for LXC.
[[0;32m  OK  [0m] Started Regular background program processing daemon.
         Starting Snappy daemon...
[[0;32m  OK  [0m] Started System Logging Service.
[[0;32m  OK  [0m] Started /etc/rc.local Compatibility.
[[0;32m  OK  [0m] Started OpenBSD Secure Shell server.
[[0;32m  OK  [0m] Started Login to default iSCSI targets.
[[0;32m  OK  [0m] Started LXD - container startup/shutdown.
[[0;32m  OK  [0m] Started LSB: MD monitoring daemon.
[[0;32m  OK  [0m] Started LSB: Record successful boot for GRUB.
[[0;32m  OK  [0m] Started Login Service.
[[0;32m  OK  [0m] Started Unattended Upgrades Shutdown.
         Starting Authenticate and Authorize Users to Run Privileged Tasks...
[[0;32m  OK  [0m] Reached target Remote File Systems (Pre).
[[0;32m  OK  [0m] Reached target Remote File Systems.
         Starting Permit User Sessions...
         Starting LSB: Set the CPU Frequency Scaling governor to "ondemand"...
         Starting LSB: automatic crash report generation...
         Starting LSB: daemon to balance interrupts for SMP systems...
[[0;32m  OK  [0m] Started Permit User Sessions.
[[0;32m  OK  [0m] Started Virtualbox guest utils.
[[0;32m  OK  [0m] Started Authenticate and Authorize Users to Run Privileged Tasks.
[[0;32m  OK  [0m] Started Accounts Service.
         Starting Hold until boot process finishes up...
         Starting Terminate Plymouth Boot Screen...
[[0;32m  OK  [0m] Started LSB: Set the CPU Frequency Scaling governor to "ondemand".
[[0;32m  OK  [0m] Started LSB: daemon to balance interrupts for SMP systems.
[[0;32m  OK  [0m] Started Hold until boot process finishes up.
[[0;32m  OK  [0m] Started Terminate Plymouth Boot Screen.
[[0;32m  OK  [0m] Started Snappy daemon.
[[0;32m  OK  [0m] Started LSB: automatic crash report generation.
         Starting Wait until snapd is fully seeded...
[[0;32m  OK  [0m] Started Getty on tty1.
[[0;32m  OK  [0m] Started Serial Getty on ttyS0.
[[0;32m  OK  [0m] Reached target Login Prompts.
         Starting Set console scheme...
[[0;32m  OK  [0m] Started Set console scheme.
[[0;32m  OK  [0m] Started Wait until snapd is fully seeded.
         Starting Apply the settings specified in cloud-config...
[[0;32m  OK  [0m] Reached target Multi-User System.
[[0;32m  OK  [0m] Reached target Graphical Interface.
         Starting Update UTMP about System Runlevel Changes...
[[0;32m  OK  [0m] Started Update UTMP about System Runlevel Changes.
[   26.489339] cloud-init[1249]: Cloud-init v. 19.2-24-ge7881d5c-0ubuntu1~16.04.1 running 'modules:config' at Wed, 18 Sep 2019 14:19:56 +0000. Up 26.15 seconds.
[[0;32m  OK  [0m] Created slice User Slice of vagrant.
         Starting User Manager for UID 1000...
[[0;32m  OK  [0m] Started Session 1 of user vagrant.
[[0;32m  OK  [0m] Started User Manager for UID 1000.
[[0;32m  OK  [0m] Started Apply the settings specified in cloud-config.
         Starting Execute cloud user/final scripts...
[   28.075434] cloud-init[1276]: Cloud-init v. 19.2-24-ge7881d5c-0ubuntu1~16.04.1 running 'modules:final' at Wed, 18 Sep 2019 14:19:58 +0000. Up 27.71 seconds.
[   28.242092] cloud-init[1276]: Cloud-init v. 19.2-24-ge7881d5c-0ubuntu1~16.04.1 finished at Wed, 18 Sep 2019 14:19:58 +0000. Datasource DataSourceNoCloud [seed=/dev/sdb][dsmode=net].  Up 28.05 seconds
[[0;32m  OK  [0m] Started Execute cloud user/final scripts.
[[0;32m  OK  [0m] Reached target Cloud-init target.

Ubuntu 16.04.6 LTS ubuntu-xenial ttyS0

ubuntu-xenial login: 